00:00 +0: loading /app/test/date_formatter_test.dart                                                                                                                                                   00:01 +0: loading /app/test/date_formatter_test.dart                                                                                                                                                   00:02 +0: loading /app/test/date_formatter_test.dart                                                                                                                                                   00:03 +0: loading /app/test/date_formatter_test.dart                                                                                                                                                   00:04 +0: loading /app/test/date_formatter_test.dart                                                                                                                                                   00:05 +0: loading /app/test/date_formatter_test.dart                                                                                                                                                   00:05 +0: /app/test/date_formatter_test.dart: (setUpAll)                                                                                                                                               00:05 +0: /app/test/date_formatter_test.dart: formats date according to locale                                                                                                                         00:05 +1: /app/test/date_formatter_test.dart: formats date according to locale                                                                                                                         00:05 +1: /app/test/date_formatter_test.dart: (tearDownAll)                                                                                                                                            00:06 +1: /app/test/date_formatter_test.dart: (tearDownAll)                                                                                                                                            00:06 +1: loading /app/test/features/goals/data/repositories/goal_repository_impl_test.dart                                                                                                            00:06 +1: /app/test/features/goals/data/repositories/goal_repository_impl_test.dart: (setUpAll)                                                                                                        00:06 +1: /app/test/features/goals/data/repositories/goal_repository_impl_test.dart: re-evaluates achievement when target amount changes                                                               00:06 +1: /app/test/features/goals/data/repositories/goal_repository_impl_test.dart: re-evaluates achievement when target amount changes
👻 INFO 2026-01-28 10:31:47.966519 [caller info not available] [GoalRepo] Updating goal: Goal
👻 INFO 2026-01-28 10:31:47.985925 [caller info not available] [GoalRepo] Goal updated successfully: g1
00:06 +2: /app/test/features/goals/data/repositories/goal_repository_impl_test.dart: re-evaluates achievement when target amount changes                                                               00:06 +2: /app/test/features/goals/data/repositories/goal_repository_impl_test.dart: (tearDownAll)                                                                                                     00:07 +2: /app/test/features/goals/data/repositories/goal_repository_impl_test.dart: (tearDownAll)                                                                                                     00:07 +2: loading /app/test/features/goals/presentation/bloc/add_edit_goal_bloc_test.dart                                                                                                              00:07 +2: /app/test/features/goals/presentation/bloc/add_edit_goal_bloc_test.dart: AddEditGoalBloc initial state reflects provided goal without extra event                                            00:07 +2: /app/test/features/goals/presentation/bloc/add_edit_goal_bloc_test.dart: AddEditGoalBloc initial state reflects provided goal without extra event
👻 INFO 2026-01-28 10:31:49.071011 [caller info not available] [AddEditGoalBloc] Initialized. Editing: true
00:07 +3: /app/test/features/goals/presentation/bloc/add_edit_goal_bloc_test.dart: AddEditGoalBloc initial state reflects provided goal without extra event                                            00:08 +3: /app/test/features/goals/presentation/bloc/add_edit_goal_bloc_test.dart: AddEditGoalBloc initial state reflects provided goal without extra event                                            00:09 +3: /app/test/features/goals/presentation/bloc/add_edit_goal_bloc_test.dart: AddEditGoalBloc initial state reflects provided goal without extra event                                            00:09 +3: loading /app/test/features/goals/presentation/bloc/log_contribution_bloc_test.dart                                                                                                           00:09 +3: /app/test/features/goals/presentation/bloc/log_contribution_bloc_test.dart: (setUpAll)                                                                                                       00:09 +3: /app/test/features/goals/presentation/bloc/log_contribution_bloc_test.dart: emits success only after achievement check completes when saving contribution                                    00:09 +3: /app/test/features/goals/presentation/bloc/log_contribution_bloc_test.dart: emits success only after achievement check completes when saving contribution
👻 INFO 2026-01-28 10:31:50.834116 [caller info not available] [LogContributionBloc] Initialized.
👻 INFO 2026-01-28 10:31:50.875832 [caller info not available] [LogContributionBloc] Initializing form for Goal ID: goal-1, Editing: false
👻 INFO 2026-01-28 10:31:50.898395 [caller info not available] [LogContributionBloc] SaveContribution received for Goal ID: goal-1. Editing: false
👻 INFO 2026-01-28 10:31:50.922734 [caller info not available] [LogContributionBloc] Contribution saved/updated successfully (ID: c1). Checking goal achievement...
⚠️ WARNING 2026-01-28 10:31:50.924876 [caller info not available] Attempted to publish DataChangedEvent, but StreamController 'dataChangeController' is not registered.
00:09 +4: /app/test/features/goals/presentation/bloc/log_contribution_bloc_test.dart: emits success only after achievement check completes when saving contribution                                    00:09 +4: /app/test/features/goals/presentation/bloc/log_contribution_bloc_test.dart: (tearDownAll)                                                                                                    00:10 +4: /app/test/features/goals/presentation/bloc/log_contribution_bloc_test.dart: (tearDownAll)                                                                                                    00:10 +4: loading /app/test/features/goals/presentation/goal_card_test.dart                                                                                                                            00:10 +4: /app/test/features/goals/presentation/goal_card_test.dart: pacing info uses onSurface color with opacity                                                                                     00:11 +4: /app/test/features/goals/presentation/goal_card_test.dart: pacing info uses onSurface color with opacity                                                                                     00:11 +4: /app/test/features/goals/presentation/goal_card_test.dart: pacing info uses onSurface color with opacity
👻 INFO 2026-01-28 10:31:52.609775 [caller info not available] [SettingsBloc] Initialized.
00:12 +5: /app/test/features/goals/presentation/goal_card_test.dart: pacing info uses onSurface color with opacity                                                                                     00:12 +5: loading /app/test/features/goals/presentation/widgets/log_contribution_sheet_test.dart                                                                                                       00:12 +5: /app/test/features/goals/presentation/widgets/log_contribution_sheet_test.dart: LogContributionSheetContent renders in "Add" mode and submits                                                00:13 +5: /app/test/features/goals/presentation/widgets/log_contribution_sheet_test.dart: LogContributionSheetContent renders in "Add" mode and submits                                                00:14 +5: /app/test/features/goals/presentation/widgets/log_contribution_sheet_test.dart: LogContributionSheetContent renders in "Add" mode and submits                                                00:14 +5: /app/test/features/goals/presentation/widgets/log_contribution_sheet_test.dart: LogContributionSheetContent renders in "Add" mode and submits
👻 INFO 2026-01-28 10:31:55.666118 [caller info not available] [LogContribSheet] initState. Editing: false
👻 INFO 2026-01-28 10:31:56.639893 [caller info not available] [LogContribSheet] Form validated, dispatching SaveContribution.
00:15 +6: /app/test/features/goals/presentation/widgets/goal_form_test.dart: GoalForm initializes correctly in "add" mode                                                                              00:15 +6: /app/test/features/goals/presentation/widgets/log_contribution_sheet_test.dart: LogContributionSheetContent shows loading state on button when submitting
👻 INFO 2026-01-28 10:31:56.850861 [caller info not available] [LogContribSheet] initState. Editing: false
00:15 +7: /app/test/features/goals/presentation/widgets/goal_form_test.dart: GoalForm initializes correctly in "add" mode                                                                              00:15 +7: /app/test/features/goals/presentation/widgets/goal_form_test.dart: GoalForm initializes correctly in "add" mode
👻 INFO 2026-01-28 10:31:57.006936 [caller info not available] [GoalForm] initState. Icon: savings_outlined, Date: null
00:16 +8: /app/test/features/goals/presentation/widgets/goal_form_test.dart: GoalForm initializes correctly in "add" mode                                                                              00:16 +8: /app/test/features/goals/presentation/widgets/goal_form_test.dart: GoalForm initializes correctly in "edit" mode                                                                             00:16 +8: /app/test/features/goals/presentation/widgets/goal_form_test.dart: GoalForm initializes correctly in "edit" mode
👻 INFO 2026-01-28 10:31:57.865490 [caller info not available] [GoalForm] initState. Icon: savings, Date: 2025-01-01 00:00:00.000
00:16 +9: /app/test/features/goals/presentation/widgets/goal_form_test.dart: GoalForm initializes correctly in "edit" mode                                                                             00:16 +9: /app/test/features/goals/presentation/widgets/goal_form_test.dart: GoalForm onSubmit is called with correct data when form is valid                                                          00:17 +9: /app/test/features/goals/presentation/widgets/goal_form_test.dart: GoalForm onSubmit is called with correct data when form is valid                                                          00:17 +9: /app/test/features/goals/presentation/widgets/goal_form_test.dart: GoalForm onSubmit is called with correct data when form is valid
👻 INFO 2026-01-28 10:31:58.114111 [caller info not available] [GoalForm] initState. Icon: savings_outlined, Date: null
👻 INFO 2026-01-28 10:31:58.437349 [caller info not available] [GoalForm] Form validated, calling onSubmit.
00:17 +10: /app/test/features/goals/presentation/widgets/goal_card_test.dart: GoalCard renders goal name, amounts, and target date                                                                     00:18 +10: /app/test/features/goals/presentation/widgets/goal_card_test.dart: GoalCard renders goal name, amounts, and target date                                                                     00:18 +11: /app/test/features/goals/presentation/widgets/goal_card_test.dart: GoalCard renders goal name, amounts, and target date                                                                     00:18 +11: /app/test/features/goals/presentation/widgets/goal_card_test.dart: GoalCard onTap callback is called when tapped                                                                            00:18 +12: /app/test/features/goals/presentation/widgets/goal_card_test.dart: GoalCard onTap callback is called when tapped                                                                            00:18 +12: /app/test/features/goals/presentation/widgets/goal_card_test.dart: GoalCard shows achieved chip when goal is achieved                                                                       00:18 +13: /app/test/features/goals/presentation/widgets/contribution_list_item_test.dart: ContributionListItem renders amount, date, and note                                                         00:19 +13: /app/test/features/goals/presentation/widgets/contribution_list_item_test.dart: ContributionListItem renders amount, date, and note                                                         00:20 +13: /app/test/features/goals/presentation/widgets/contribution_list_item_test.dart: ContributionListItem renders amount, date, and note                                                         00:20 +14: /app/test/features/goals/presentation/widgets/contribution_list_item_test.dart: ContributionListItem renders amount, date, and note                                                         00:20 +14: /app/test/features/goals/presentation/widgets/contribution_list_item_test.dart: ContributionListItem edit button is present                                                                 00:20 +15: /app/test/features/goals/presentation/widgets/contribution_list_item_test.dart: ContributionListItem edit button is present                                                                 00:20 +15: loading /app/test/features/goals/presentation/pages/goals_sub_tab_test.dart                                                                                                                 00:20 +15: /app/test/features/goals/presentation/pages/goals_sub_tab_test.dart: GoalsSubTab shows loading indicator                                                                                    00:21 +15: /app/test/features/goals/presentation/pages/goals_sub_tab_test.dart: GoalsSubTab shows loading indicator                                                                                    00:21 +16: /app/test/features/goals/presentation/pages/goals_sub_tab_test.dart: GoalsSubTab shows loading indicator                                                                                    00:21 +16: /app/test/features/goals/presentation/pages/goals_sub_tab_test.dart: GoalsSubTab shows empty state and handles button tap                                                                   00:22 +16: /app/test/features/goals/presentation/pages/goals_sub_tab_test.dart: GoalsSubTab shows empty state and handles button tap                                                                   00:22 +17: /app/test/features/goals/presentation/pages/goal_detail_page_test.dart: GoalDetailPage shows loading and then displays details                                                              00:22 +18: /app/test/features/goals/presentation/pages/goal_detail_page_test.dart: GoalDetailPage shows loading and then displays details                                                              00:22 +19: /app/test/features/goals/presentation/pages/goal_detail_page_test.dart: GoalDetailPage shows loading and then displays details                                                              00:23 +19: /app/test/features/goals/presentation/pages/goal_detail_page_test.dart: GoalDetailPage shows loading and then displays details                                                              00:23 +19: /app/test/features/goals/presentation/pages/goal_detail_page_test.dart: GoalDetailPage shows loading and then displays details
👻 INFO 2026-01-28 10:32:04.260595 [caller info not available] [GoalDetail] Loaded 0 contributions.
00:23 +20: /app/test/features/goals/presentation/pages/goal_detail_page_test.dart: GoalDetailPage shows loading and then displays details                                                              00:23 +20: /app/test/features/goals/presentation/pages/goal_detail_page_test.dart: GoalDetailPage tapping Edit button navigates                                                                        00:23 +20: /app/test/features/goals/presentation/pages/goal_detail_page_test.dart: GoalDetailPage tapping Edit button navigates
👻 INFO 2026-01-28 10:32:04.560690 [caller info not available] [GoalDetail] Loaded 0 contributions.
00:23 +21: /app/test/features/goals/presentation/pages/goal_detail_page_test.dart: GoalDetailPage tapping Edit button navigates                                                                        00:23 +21: /app/test/features/goals/presentation/pages/goal_detail_page_test.dart: GoalDetailPage tapping Archive shows dialog and dispatches event                                                    00:23 +21: /app/test/features/goals/presentation/pages/goal_detail_page_test.dart: GoalDetailPage tapping Archive shows dialog and dispatches event
👻 INFO 2026-01-28 10:32:04.784411 [caller info not available] [GoalDetail] Loaded 0 contributions.
00:23 +22: /app/test/features/goals/presentation/pages/add_edit_goal_page_test.dart: AddEditGoalPage renders GoalForm and correct title for "Add" mode                                                 00:24 +22: /app/test/features/goals/presentation/pages/add_edit_goal_page_test.dart: AddEditGoalPage renders GoalForm and correct title for "Add" mode                                                 00:24 +22: /app/test/features/goals/presentation/pages/add_edit_goal_page_test.dart: AddEditGoalPage renders GoalForm and correct title for "Add" mode
👻 INFO 2026-01-28 10:32:05.792646 [caller info not available] [AddEditGoalPage] Building. Editing: false. Goal: null
👻 INFO 2026-01-28 10:32:05.826116 [caller info not available] [GoalForm] initState. Icon: savings_outlined, Date: null
00:25 +22: /app/test/features/expenses/data/expense_repository_impl_test.dart: returns sorted expenses from data source
👻 INFO 2026-01-28 10:32:06.422005 [caller info not available] [ExpenseRepo] Getting expense models. Filters: AccID=a1, Start=2024-01-01 00:00:00.000, End=2024-01-31 00:00:00.000, CatID=c1
00:25 +23: /app/test/features/goals/presentation/pages/add_edit_goal_page_test.dart: AddEditGoalPage renders GoalForm and correct title for "Add" mode                                                 00:25 +23: /app/test/features/expenses/data/expense_repository_impl_test.dart: propagates CacheFailure from data source
👻 INFO 2026-01-28 10:32:06.450530 [caller info not available] [ExpenseRepo] Getting expense models. Filters: AccID=null, Start=null, End=null, CatID=null
⚠️ WARNING 2026-01-28 10:32:06.451273 [caller info not available] [ExpenseRepo] CacheFailure getting expense models: cache error
00:25 +24: /app/test/features/goals/presentation/pages/add_edit_goal_page_test.dart: AddEditGoalPage renders GoalForm and correct title for "Add" mode                                                 00:25 +24: /app/test/features/expenses/data/expense_repository_impl_test.dart: passes category filter to data source
👻 INFO 2026-01-28 10:32:06.456338 [caller info not available] [ExpenseRepo] Getting expense models. Filters: AccID=null, Start=null, End=null, CatID=c1
00:25 +25: /app/test/features/goals/presentation/pages/add_edit_goal_page_test.dart: AddEditGoalPage renders GoalForm and correct title for "Add" mode                                                 00:25 +25: /app/test/features/expenses/data/expense_repository_impl_test.dart: passes account filter to data source
👻 INFO 2026-01-28 10:32:06.461070 [caller info not available] [ExpenseRepo] Getting expense models. Filters: AccID=a1, Start=null, End=null, CatID=null
00:25 +26: /app/test/features/goals/presentation/pages/add_edit_goal_page_test.dart: AddEditGoalPage renders GoalForm and correct title for "Add" mode                                                 00:25 +26: /app/test/features/expenses/data/expense_repository_impl_test.dart: passes date range to data source
👻 INFO 2026-01-28 10:32:06.465672 [caller info not available] [ExpenseRepo] Getting expense models. Filters: AccID=null, Start=2024-01-01 00:00:00.000, End=2024-01-31 00:00:00.000, CatID=null
00:25 +27: /app/test/features/goals/presentation/pages/add_edit_goal_page_test.dart: AddEditGoalPage renders GoalForm and correct title for "Add" mode                                                 00:25 +28: /app/test/features/goals/presentation/pages/add_edit_goal_page_test.dart: AddEditGoalPage renders GoalForm and correct title for "Add" mode                                                 00:25 +28: /app/test/features/goals/presentation/pages/add_edit_goal_page_test.dart: AddEditGoalPage shows loading indicator when state is loading                                                     00:25 +28: /app/test/features/goals/presentation/pages/add_edit_goal_page_test.dart: AddEditGoalPage shows loading indicator when state is loading
👻 INFO 2026-01-28 10:32:06.732415 [caller info not available] [AddEditGoalPage] Building. Editing: false. Goal: null
00:25 +29: /app/test/features/goals/presentation/pages/add_edit_goal_page_test.dart: AddEditGoalPage shows loading indicator when state is loading                                                     00:25 +29: /app/test/features/goals/presentation/pages/add_edit_goal_page_test.dart: AddEditGoalPage shows success snackbar when state is success                                                      00:25 +29: /app/test/features/goals/presentation/pages/add_edit_goal_page_test.dart: AddEditGoalPage shows success snackbar when state is success
👻 INFO 2026-01-28 10:32:06.823143 [caller info not available] [AddEditGoalPage] Building. Editing: false. Goal: null
👻 INFO 2026-01-28 10:32:06.829244 [caller info not available] [GoalForm] initState. Icon: savings_outlined, Date: null
👻 INFO 2026-01-28 10:32:06.924160 [caller info not available] [AddEditGoalPage] Save successful. Popping.
00:25 +30: /app/test/features/goals/presentation/pages/add_edit_goal_page_test.dart: AddEditGoalPage shows success snackbar when state is success                                                      00:26 +30: /app/test/features/goals/presentation/pages/add_edit_goal_page_test.dart: AddEditGoalPage shows success snackbar when state is success                                                      00:26 +30: loading /app/test/features/expenses/data/expense_local_data_source_test.dart                                                                                                                00:26 +30: /app/test/features/expenses/data/expense_local_data_source_test.dart: applies filters in HiveExpenseLocalDataSource                                                                         00:26 +30: /app/test/features/expenses/data/expense_local_data_source_test.dart: applies filters in HiveExpenseLocalDataSource
👻 INFO 2026-01-28 10:32:07.799854 [caller info not available] Retrieved 1 expenses from Hive after applying filters.
00:26 +31: /app/test/features/expenses/data/expense_local_data_source_test.dart: applies filters in HiveExpenseLocalDataSource                                                                         00:27 +31: /app/test/features/expenses/data/expense_local_data_source_test.dart: applies filters in HiveExpenseLocalDataSource                                                                         00:27 +31: loading /app/test/features/transactions/presentation/bloc/add_edit_transaction_bloc_test.dart                                                                                               00:27 +31: /app/test/features/transactions/presentation/bloc/add_edit_transaction_bloc_test.dart: (setUpAll)                                                                                           00:27 +31: /app/test/features/transactions/presentation/bloc/add_edit_transaction_bloc_test.dart: AddEditTransactionBloc save failure retains form data when save fails                                00:27 +31: /app/test/features/transactions/presentation/bloc/add_edit_transaction_bloc_test.dart: AddEditTransactionBloc save failure retains form data when save fails
👻 INFO 2026-01-28 10:32:08.358758 [caller info not available] [AddEditTransactionBloc] Initialized.
👻 INFO 2026-01-28 10:32:08.366306 [caller info not available] [AddEditTransactionBloc] SaveRequested. Category selected: c (ID: c1)
👻 INFO 2026-01-28 10:32:08.369616 [caller info not available] [AddEditTransactionBloc] User selected specific category 'c'. Saving.
👻 INFO 2026-01-28 10:32:08.375509 [caller info not available] [AddEditTransactionBloc] _performSave called. Category To Use: c, Status: CategorizationStatus.categorized
👻 INFO 2026-01-28 10:32:08.378959 [caller info not available] [AddEditTransactionBloc] Saving Expense (ID: 3c06441f-0a79-4cf5-8526-f79ba36cff99) with Category ID: c1
⚠️ WARNING 2026-01-28 10:32:08.387103 [caller info not available] [AddEditTransactionBloc] Save failed: fail
⚠️ WARNING 2026-01-28 10:32:08.388110 [caller info not available] [AddEditTransactionBloc] Mapping failure: ServerFailure - fail
00:27 +32: /app/test/features/transactions/presentation/bloc/add_edit_transaction_bloc_test.dart: AddEditTransactionBloc save failure retains form data when save fails                                00:27 +32: /app/test/features/transactions/presentation/bloc/add_edit_transaction_bloc_test.dart: AddEditTransactionBloc initialization maps existing transaction into temp fields and clears original 00:27 +32: /app/test/features/transactions/presentation/bloc/add_edit_transaction_bloc_test.dart: AddEditTransactionBloc initialization maps existing transaction into temp fields and clears original
👻 INFO 2026-01-28 10:32:08.414370 [caller info not available] [AddEditTransactionBloc] Initialized.
👻 INFO 2026-01-28 10:32:08.416674 [caller info not available] [AddEditTransactionBloc] Initializing. Has initial data: true
00:27 +33: /app/test/features/transactions/presentation/bloc/add_edit_transaction_bloc_test.dart: AddEditTransactionBloc initialization maps existing transaction into temp fields and clears original 00:27 +33: /app/test/features/transactions/presentation/bloc/add_edit_transaction_bloc_test.dart: CreateCustomCategoryRequested persists form fields when navigating to create category                00:27 +33: /app/test/features/transactions/presentation/bloc/add_edit_transaction_bloc_test.dart: CreateCustomCategoryRequested persists form fields when navigating to create category
👻 INFO 2026-01-28 10:32:08.424905 [caller info not available] [AddEditTransactionBloc] Initialized.
👻 INFO 2026-01-28 10:32:08.426348 [caller info not available] [AddEditTransactionBloc] User requested to create custom category. Emitting navigation state.
00:27 +34: /app/test/features/transactions/presentation/bloc/add_edit_transaction_bloc_test.dart: CreateCustomCategoryRequested persists form fields when navigating to create category                00:27 +34: /app/test/features/transactions/presentation/bloc/add_edit_transaction_bloc_test.dart: (tearDownAll)                                                                                        00:28 +34: /app/test/features/transactions/presentation/bloc/add_edit_transaction_bloc_test.dart: (tearDownAll)                                                                                        00:28 +34: loading /app/test/features/transactions/presentation/bloc/transaction_list_bloc_test.dart                                                                                                   00:28 +34: /app/test/features/transactions/presentation/bloc/transaction_list_bloc_test.dart: (setUpAll)                                                                                               00:28 +34: /app/test/features/transactions/presentation/bloc/transaction_list_bloc_test.dart: TransactionListBloc delete emits deleteError and restores list when deletion fails                       00:28 +34: /app/test/features/transactions/presentation/bloc/transaction_list_bloc_test.dart: TransactionListBloc delete emits deleteError and restores list when deletion fails
👻 INFO 2026-01-28 10:32:09.231966 [caller info not available] [TransactionListBloc] Initialized and subscribed to data changes.
👻 INFO 2026-01-28 10:32:09.256944 [caller info not available] [TransactionListBloc] DeleteTransaction requested: ID=1, Type=TransactionType.expense
⚠️ WARNING 2026-01-28 10:32:09.268734 [caller info not available] [TransactionListBloc] DeleteTransaction failed for 1: fail
⚠️ WARNING 2026-01-28 10:32:09.269655 [caller info not available] [TransactionListBloc] Mapping failure: ServerFailure - fail
👻 INFO 2026-01-28 10:32:09.273047 [caller info not available] [TransactionListBloc] Closed and cancelled data stream subscription.
00:28 +35: /app/test/features/transactions/presentation/bloc/transaction_list_bloc_test.dart: TransactionListBloc delete emits deleteError and restores list when deletion fails                       00:28 +35: /app/test/features/transactions/presentation/bloc/transaction_list_bloc_test.dart: TransactionListBloc batch apply refreshes from repository after successful batch apply                   00:28 +35: /app/test/features/transactions/presentation/bloc/transaction_list_bloc_test.dart: TransactionListBloc batch apply refreshes from repository after successful batch apply
👻 INFO 2026-01-28 10:32:09.298145 [caller info not available] [TransactionListBloc] Initialized and subscribed to data changes.
👻 INFO 2026-01-28 10:32:09.301612 [caller info not available] [TransactionListBloc] ApplyBatchCategory: CatID=cat1, Count=1
👻 INFO 2026-01-28 10:32:09.303695 [caller info not available] [TransactionListBloc] ApplyBatchCategory successful. Refreshing transactions from source.
👻 INFO 2026-01-28 10:32:09.305645 [caller info not available] [TransactionListBloc] LoadTransactions triggered. ForceReload: true, Incoming Filters: null
👻 INFO 2026-01-28 10:32:09.307839 [caller info not available] [TransactionListBloc] Load successful with 1 transactions.
👻 INFO 2026-01-28 10:32:09.308646 [caller info not available] [TransactionListBloc] Closed and cancelled data stream subscription.
00:28 +36: /app/test/features/transactions/presentation/bloc/transaction_list_bloc_test.dart: TransactionListBloc batch apply refreshes from repository after successful batch apply                   00:28 +36: /app/test/features/transactions/presentation/bloc/transaction_list_bloc_test.dart: TransactionListBloc filtering and sorting loads transactions with incoming filters                       00:28 +36: /app/test/features/transactions/presentation/bloc/transaction_list_bloc_test.dart: TransactionListBloc filtering and sorting loads transactions with incoming filters
👻 INFO 2026-01-28 10:32:09.317533 [caller info not available] [TransactionListBloc] Initialized and subscribed to data changes.
👻 INFO 2026-01-28 10:32:09.318758 [caller info not available] [TransactionListBloc] LoadTransactions triggered. ForceReload: false, Incoming Filters: {categoryId: c1, accountId: a1}
👻 INFO 2026-01-28 10:32:09.320786 [caller info not available] [TransactionListBloc] Load successful with 0 transactions.
👻 INFO 2026-01-28 10:32:09.321443 [caller info not available] [TransactionListBloc] Closed and cancelled data stream subscription.
00:28 +37: /app/test/features/transactions/presentation/bloc/transaction_list_bloc_test.dart: TransactionListBloc filtering and sorting loads transactions with incoming filters                       00:28 +37: /app/test/features/transactions/presentation/bloc/transaction_list_bloc_test.dart: TransactionListBloc filtering and sorting updates filters and reloads                                    00:28 +37: /app/test/features/transactions/presentation/bloc/transaction_list_bloc_test.dart: TransactionListBloc filtering and sorting updates filters and reloads
👻 INFO 2026-01-28 10:32:09.332495 [caller info not available] [TransactionListBloc] Initialized and subscribed to data changes.
👻 INFO 2026-01-28 10:32:09.334026 [caller info not available] [TransactionListBloc] FilterChanged triggered.
👻 INFO 2026-01-28 10:32:09.335138 [caller info not available] [TransactionListBloc] LoadTransactions triggered. ForceReload: true, Incoming Filters: null
👻 INFO 2026-01-28 10:32:09.336058 [caller info not available] [TransactionListBloc] Load successful with 0 transactions.
👻 INFO 2026-01-28 10:32:09.336732 [caller info not available] [TransactionListBloc] Closed and cancelled data stream subscription.
00:28 +38: /app/test/features/transactions/presentation/bloc/transaction_list_bloc_test.dart: TransactionListBloc filtering and sorting updates filters and reloads                                    00:28 +38: /app/test/features/transactions/presentation/bloc/transaction_list_bloc_test.dart: TransactionListBloc filtering and sorting updates sort and reloads                                       00:28 +38: /app/test/features/transactions/presentation/bloc/transaction_list_bloc_test.dart: TransactionListBloc filtering and sorting updates sort and reloads
👻 INFO 2026-01-28 10:32:09.344523 [caller info not available] [TransactionListBloc] Initialized and subscribed to data changes.
👻 INFO 2026-01-28 10:32:09.346079 [caller info not available] [TransactionListBloc] SortChanged triggered: TransactionSortBy.amount.SortDirection.ascending
👻 INFO 2026-01-28 10:32:09.347129 [caller info not available] [TransactionListBloc] LoadTransactions triggered. ForceReload: true, Incoming Filters: null
👻 INFO 2026-01-28 10:32:09.348060 [caller info not available] [TransactionListBloc] Load successful with 0 transactions.
👻 INFO 2026-01-28 10:32:09.348854 [caller info not available] [TransactionListBloc] Closed and cancelled data stream subscription.
00:28 +39: /app/test/features/transactions/presentation/bloc/transaction_list_bloc_test.dart: TransactionListBloc filtering and sorting updates sort and reloads                                       00:28 +39: /app/test/features/transactions/presentation/bloc/transaction_list_bloc_test.dart: TransactionListBloc filtering and sorting updates search term and reloads                                00:28 +39: /app/test/features/transactions/presentation/bloc/transaction_list_bloc_test.dart: TransactionListBloc filtering and sorting updates search term and reloads
👻 INFO 2026-01-28 10:32:09.356772 [caller info not available] [TransactionListBloc] Initialized and subscribed to data changes.
👻 INFO 2026-01-28 10:32:09.358133 [caller info not available] [TransactionListBloc] SearchChanged triggered: 'coffee'
👻 INFO 2026-01-28 10:32:09.359109 [caller info not available] [TransactionListBloc] LoadTransactions triggered. ForceReload: true, Incoming Filters: null
👻 INFO 2026-01-28 10:32:09.359926 [caller info not available] [TransactionListBloc] Load successful with 0 transactions.
👻 INFO 2026-01-28 10:32:09.360531 [caller info not available] [TransactionListBloc] Closed and cancelled data stream subscription.
00:28 +40: /app/test/features/transactions/presentation/bloc/transaction_list_bloc_test.dart: TransactionListBloc filtering and sorting updates search term and reloads                                00:28 +40: /app/test/features/transactions/presentation/bloc/transaction_list_bloc_test.dart: TransactionListBloc batch edit toggle toggles batch edit mode and clears selection when turning off      00:28 +40: /app/test/features/transactions/presentation/bloc/transaction_list_bloc_test.dart: TransactionListBloc batch edit toggle toggles batch edit mode and clears selection when turning off
👻 INFO 2026-01-28 10:32:09.369901 [caller info not available] [TransactionListBloc] Initialized and subscribed to data changes.
👻 INFO 2026-01-28 10:32:09.371199 [caller info not available] [TransactionListBloc] ToggleBatchEdit triggered.
👻 INFO 2026-01-28 10:32:09.372126 [caller info not available] [TransactionListBloc] Closed and cancelled data stream subscription.
00:28 +41: /app/test/features/transactions/presentation/bloc/transaction_list_bloc_test.dart: TransactionListBloc batch edit toggle toggles batch edit mode and clears selection when turning off      00:28 +41: /app/test/features/transactions/presentation/bloc/transaction_list_bloc_test.dart: (tearDownAll)                                                                                            00:28 +41: loading /app/test/features/transactions/presentation/widgets/transaction_list_header_test.dart                                                                                              00:28 +41: /app/test/features/transactions/presentation/widgets/transaction_list_header_test.dart: (suite)                                                                                             00:28 +41: /app/test/features/transactions/presentation/widgets/transaction_list_header_test.dart: (suite)
  Skip: Needs stabilization
00:28 +41 ~1: /app/test/features/transactions/presentation/widgets/transaction_list_header_test.dart: (suite)                                                                                          00:28 +41 ~1: loading /app/test/features/transactions/presentation/transaction_list_page_test.dart                                                                                                     00:28 +41 ~1: /app/test/features/transactions/presentation/transaction_list_page_test.dart: (setUpAll)                                                                                                 00:28 +41 ~1: /app/test/features/transactions/presentation/transaction_list_page_test.dart: initially shows loading then displays transactions when success state is emitted                           00:29 +41 ~1: /app/test/features/transactions/presentation/transaction_list_page_test.dart: initially shows loading then displays transactions when success state is emitted                           00:30 +41 ~1: /app/test/features/transactions/presentation/transaction_list_page_test.dart: initially shows loading then displays transactions when success state is emitted                           00:30 +41 ~1: /app/test/features/transactions/presentation/transaction_list_page_test.dart: initially shows loading then displays transactions when success state is emitted
👻 INFO 2026-01-28 10:32:11.191960 [caller info not available] [ExpenseCard] Building icon for category 'Food' (IconName: food)
👻 INFO 2026-01-28 10:32:11.195357 [caller info not available] [ExpenseCard] Falling back to IconData: IconData(U+0E532)
👻 INFO 2026-01-28 10:32:11.255963 [caller info not available] [ExpenseCard] Building icon for category 'Travel' (IconName: travel)
👻 INFO 2026-01-28 10:32:11.256694 [caller info not available] [ExpenseCard] Falling back to IconData: IconData(U+0E364)
00:30 +42 ~1: /app/test/features/transactions/presentation/widgets/transaction_list_view_test.dart: TransactionListView shows loading indicator when state is loading                                  00:30 +43 ~1: /app/test/features/transactions/presentation/widgets/transaction_list_view_test.dart: TransactionListView shows loading indicator when state is loading                                  00:30 +44 ~1: /app/test/features/transactions/presentation/widgets/transaction_list_view_test.dart: TransactionListView shows loading indicator when state is loading                                  00:30 +44 ~1: /app/test/features/transactions/presentation/transaction_list_page_test.dart: filters transactions by account
👻 INFO 2026-01-28 10:32:11.728109 [caller info not available] [ExpenseCard] Building icon for category 'Food' (IconName: food)
👻 INFO 2026-01-28 10:32:11.728684 [caller info not available] [ExpenseCard] Falling back to IconData: IconData(U+0E532)
👻 INFO 2026-01-28 10:32:11.737678 [caller info not available] [ExpenseCard] Building icon for category 'Travel' (IconName: travel)
👻 INFO 2026-01-28 10:32:11.738033 [caller info not available] [ExpenseCard] Falling back to IconData: IconData(U+0E364)
00:30 +45 ~1: /app/test/features/transactions/presentation/transaction_list_page_test.dart: filters transactions by account                                                                            00:30 +45 ~1: /app/test/features/transactions/presentation/transaction_list_page_test.dart: filters transactions by account
👻 INFO 2026-01-28 10:32:11.835847 [caller info not available] [TxnListPage] Showing filter dialog.
00:30 +46 ~1: /app/test/features/transactions/presentation/transaction_list_page_test.dart: filters transactions by account                                                                            00:30 +46 ~1: /app/test/features/transactions/presentation/transaction_list_page_test.dart: filters transactions by account
👻 INFO 2026-01-28 10:32:11.939386 [caller info not available] [AccountSelector] BlocBuilder running for state: AccountListLoaded
00:30 +47 ~1: /app/test/features/transactions/presentation/transaction_list_page_test.dart: filters transactions by account                                                                            00:30 +48 ~1: /app/test/features/transactions/presentation/transaction_list_page_test.dart: filters transactions by account                                                                            00:31 +48 ~1: /app/test/features/transactions/presentation/transaction_list_page_test.dart: filters transactions by account                                                                            00:31 +48 ~1: /app/test/features/transactions/presentation/widgets/transaction_list_view_test.dart: TransactionListView renders a list of ExpenseCard and IncomeCard
👻 INFO 2026-01-28 10:32:12.158395 [caller info not available] [ExpenseCard] Building icon for category 'Uncategorized' (IconName: question)
👻 INFO 2026-01-28 10:32:12.161897 [caller info not available] [ExpenseCard] Falling back to IconData: IconData(U+0E30B)
👻 INFO 2026-01-28 10:32:12.227802 [caller info not available] [IncomeCard] Building icon for category 'Uncategorized' (IconName: question)
👻 INFO 2026-01-28 10:32:12.243826 [caller info not available] [IncomeCard] Falling back to IconData: IconData(U+0E30B)
00:31 +48 ~1: /app/test/features/transactions/presentation/transaction_list_page_test.dart: filters transactions by account
👻 INFO 2026-01-28 10:32:12.301455 [caller info not available] [AccountSelector] Dropdown changed. New value: a1
00:31 +48 ~1: /app/test/features/transactions/presentation/widgets/transaction_list_view_test.dart: TransactionListView renders a list of ExpenseCard and IncomeCard
👻 INFO 2026-01-28 10:32:12.309119 [caller info not available] [IncomeCard] Building icon for category 'Uncategorized' (IconName: question)
👻 INFO 2026-01-28 10:32:12.309634 [caller info not available] [IncomeCard] Falling back to IconData: IconData(U+0E30B)
00:31 +48 ~1: /app/test/features/transactions/presentation/transaction_list_page_test.dart: filters transactions by account
👻 INFO 2026-01-28 10:32:12.320235 [caller info not available] [AccountSelector] BlocBuilder running for state: AccountListLoaded
00:31 +48 ~1: /app/test/features/transactions/presentation/widgets/transaction_list_view_test.dart: TransactionListView renders a list of ExpenseCard and IncomeCard
👻 INFO 2026-01-28 10:32:12.332690 [caller info not available] [ExpenseCard] Building icon for category 'Uncategorized' (IconName: question)
👻 INFO 2026-01-28 10:32:12.333139 [caller info not available] [ExpenseCard] Falling back to IconData: IconData(U+0E30B)
00:31 +49 ~1: /app/test/features/transactions/presentation/transaction_list_page_test.dart: filters transactions by account                                                                            00:31 +49 ~1: /app/test/features/transactions/presentation/widgets/transaction_list_view_test.dart: TransactionListView tapping card navigates when not in batch mode
👻 INFO 2026-01-28 10:32:12.396322 [caller info not available] [ExpenseCard] Building icon for category 'Uncategorized' (IconName: question)
👻 INFO 2026-01-28 10:32:12.396869 [caller info not available] [ExpenseCard] Falling back to IconData: IconData(U+0E30B)
👻 INFO 2026-01-28 10:32:12.415778 [caller info not available] [IncomeCard] Building icon for category 'Uncategorized' (IconName: question)
👻 INFO 2026-01-28 10:32:12.416211 [caller info not available] [IncomeCard] Falling back to IconData: IconData(U+0E30B)
👻 INFO 2026-01-28 10:32:12.438132 [caller info not available] [IncomeCard] Building icon for category 'Uncategorized' (IconName: question)
👻 INFO 2026-01-28 10:32:12.438590 [caller info not available] [IncomeCard] Falling back to IconData: IconData(U+0E30B)
👻 INFO 2026-01-28 10:32:12.444079 [caller info not available] [ExpenseCard] Building icon for category 'Uncategorized' (IconName: question)
👻 INFO 2026-01-28 10:32:12.444525 [caller info not available] [ExpenseCard] Falling back to IconData: IconData(U+0E30B)
00:31 +49 ~1: /app/test/features/transactions/presentation/transaction_list_page_test.dart: filters transactions by account
👻 INFO 2026-01-28 10:32:12.465017 [caller info not available] [ExpenseCard] Building icon for category 'Food' (IconName: food)
👻 INFO 2026-01-28 10:32:12.465563 [caller info not available] [ExpenseCard] Falling back to IconData: IconData(U+0E532)
00:31 +50 ~1: /app/test/features/transactions/presentation/widgets/transaction_list_view_test.dart: TransactionListView tapping card navigates when not in batch mode                                  00:31 +50 ~1: /app/test/features/transactions/presentation/transaction_list_page_test.dart: batch categorization flow applies category and exits mode
👻 INFO 2026-01-28 10:32:12.561878 [caller info not available] [ExpenseCard] Building icon for category 'Food' (IconName: food)
👻 INFO 2026-01-28 10:32:12.562384 [caller info not available] [ExpenseCard] Falling back to IconData: IconData(U+0E532)
00:31 +51 ~1: /app/test/features/transactions/presentation/transaction_list_page_test.dart: batch categorization flow applies category and exits mode                                                  00:31 +51 ~1: /app/test/features/transactions/presentation/transaction_list_page_test.dart: batch categorization flow applies category and exits mode
👻 INFO 2026-01-28 10:32:12.570782 [caller info not available] [ExpenseCard] Building icon for category 'Travel' (IconName: travel)
👻 INFO 2026-01-28 10:32:12.571150 [caller info not available] [ExpenseCard] Falling back to IconData: IconData(U+0E364)
00:31 +51 ~1: /app/test/features/transactions/presentation/widgets/transaction_list_view_test.dart: TransactionListView tapping card dispatches event when in batch mode
👻 INFO 2026-01-28 10:32:12.595085 [caller info not available] [ExpenseCard] Building icon for category 'Uncategorized' (IconName: question)
👻 INFO 2026-01-28 10:32:12.595572 [caller info not available] [ExpenseCard] Falling back to IconData: IconData(U+0E30B)
👻 INFO 2026-01-28 10:32:12.607119 [caller info not available] [IncomeCard] Building icon for category 'Uncategorized' (IconName: question)
👻 INFO 2026-01-28 10:32:12.607603 [caller info not available] [IncomeCard] Falling back to IconData: IconData(U+0E30B)
👻 INFO 2026-01-28 10:32:12.628123 [caller info not available] [ExpenseCard] Building icon for category 'Uncategorized' (IconName: question)
👻 INFO 2026-01-28 10:32:12.628809 [caller info not available] [ExpenseCard] Falling back to IconData: IconData(U+0E30B)
👻 INFO 2026-01-28 10:32:12.634483 [caller info not available] [IncomeCard] Building icon for category 'Uncategorized' (IconName: question)
👻 INFO 2026-01-28 10:32:12.634825 [caller info not available] [IncomeCard] Falling back to IconData: IconData(U+0E30B)
00:31 +51 ~1: /app/test/features/transactions/presentation/transaction_list_page_test.dart: batch categorization flow applies category and exits mode
👻 INFO 2026-01-28 10:32:12.641455 [caller info not available] [ExpenseCard] Building icon for category 'Food' (IconName: food)
👻 INFO 2026-01-28 10:32:12.641867 [caller info not available] [ExpenseCard] Falling back to IconData: IconData(U+0E532)
👻 INFO 2026-01-28 10:32:12.645433 [caller info not available] [ExpenseCard] Building icon for category 'Travel' (IconName: travel)
👻 INFO 2026-01-28 10:32:12.645757 [caller info not available] [ExpenseCard] Falling back to IconData: IconData(U+0E364)
00:31 +52 ~1: /app/test/features/transactions/presentation/transaction_list_page_test.dart: batch categorization flow applies category and exits mode                                                  00:31 +52 ~1: /app/test/features/transactions/presentation/widgets/transaction_list_view_test.dart: TransactionListView swiping a card calls confirmDeletion
👻 INFO 2026-01-28 10:32:12.692049 [caller info not available] [ExpenseCard] Building icon for category 'Uncategorized' (IconName: question)
👻 INFO 2026-01-28 10:32:12.692661 [caller info not available] [ExpenseCard] Falling back to IconData: IconData(U+0E30B)
👻 INFO 2026-01-28 10:32:12.703642 [caller info not available] [IncomeCard] Building icon for category 'Uncategorized' (IconName: question)
👻 INFO 2026-01-28 10:32:12.704146 [caller info not available] [IncomeCard] Falling back to IconData: IconData(U+0E30B)
👻 INFO 2026-01-28 10:32:12.723733 [caller info not available] [IncomeCard] Building icon for category 'Uncategorized' (IconName: question)
👻 INFO 2026-01-28 10:32:12.724149 [caller info not available] [IncomeCard] Falling back to IconData: IconData(U+0E30B)
👻 INFO 2026-01-28 10:32:12.729717 [caller info not available] [ExpenseCard] Building icon for category 'Uncategorized' (IconName: question)
👻 INFO 2026-01-28 10:32:12.730072 [caller info not available] [ExpenseCard] Falling back to IconData: IconData(U+0E30B)
00:31 +52 ~1: /app/test/features/transactions/presentation/transaction_list_page_test.dart: batch categorization flow applies category and exits mode
👻 INFO 2026-01-28 10:32:12.732654 [caller info not available] [ExpenseCard] Building icon for category 'Food' (IconName: food)
👻 INFO 2026-01-28 10:32:12.733083 [caller info not available] [ExpenseCard] Falling back to IconData: IconData(U+0E532)
👻 INFO 2026-01-28 10:32:12.737229 [caller info not available] [ExpenseCard] Building icon for category 'Travel' (IconName: travel)
👻 INFO 2026-01-28 10:32:12.737568 [caller info not available] [ExpenseCard] Falling back to IconData: IconData(U+0E364)
👻 INFO 2026-01-28 10:32:12.792345 [caller info not available] [ExpenseCard] Building icon for category 'Food' (IconName: food)
👻 INFO 2026-01-28 10:32:12.792853 [caller info not available] [ExpenseCard] Falling back to IconData: IconData(U+0E532)
00:31 +53 ~1: /app/test/features/transactions/presentation/transaction_list_page_test.dart: batch categorization flow applies category and exits mode                                                  00:31 +53 ~1: /app/test/features/transactions/presentation/transaction_list_page_test.dart: batch categorization flow applies category and exits mode
👻 INFO 2026-01-28 10:32:12.796842 [caller info not available] [ExpenseCard] Building icon for category 'Travel' (IconName: travel)
👻 INFO 2026-01-28 10:32:12.797208 [caller info not available] [ExpenseCard] Falling back to IconData: IconData(U+0E364)
👻 INFO 2026-01-28 10:32:12.821796 [caller info not available] [TxnListPage] Batch categorize button pressed.
00:31 +53 ~1: /app/test/features/transactions/presentation/widgets/transaction_form_test.dart: (suite)
  Skip: Needs stabilization
00:31 +53 ~2: /app/test/features/transactions/presentation/transaction_list_page_test.dart: batch categorization flow applies category and exits mode                                                  00:31 +53 ~2: /app/test/features/transactions/presentation/transaction_list_page_test.dart: batch categorization flow applies category and exits mode

Warning: A call to tap() with finder "Found 1 widget with text "Travel" (ignoring all but first): [
  Text("Travel", debugLabel: ((englishLike bodySmall 2021).merge((blackMountainView bodySmall).apply)).copyWith, inherit: false, color: Color(alpha: 1.0000, red: 0.2863, green: 0.2706, blue: 0.3098, colorSpace: ColorSpace.sRGB), family: Roboto, size: 12.0, weight: 400, letterSpacing: 0.4, baseline: alphabetic, height: 1.3x, leadingDistribution: even, decoration: Color(alpha: 1.0000, red: 0.1137, green: 0.1059, blue: 0.1255, colorSpace: ColorSpace.sRGB) TextDecoration.none, overflow: ellipsis, maxLines: 1, dependencies: [DefaultSelectionStyle, DefaultTextStyle, MediaQuery]),
]" derived an Offset (Offset(125.2, 295.0)) that would not hit test on the specified widget.
Maybe the widget is actually off-screen, or another widget is obscuring it, or the widget cannot receive pointer events.
The finder corresponds to this RenderBox: RenderParagraph#41ac9 relayoutBoundary=up30
The hit test result at that offset is: HitTestResult(_RenderInkFeatures#ce09c@Offset(45.2, 115.0), RenderCustomPaint#2e087@Offset(45.2, 115.0), RenderPhysicalShape#fdf02@Offset(45.2, 115.0), RenderConstrainedBox#c01b1@Offset(45.2, 115.0), RenderPositionedBox#c1f2d@Offset(125.2, 115.0), RenderPointerListener#2ff2e@Offset(125.2, 115.0), _RenderBottomSheetLayoutWithSizeListener#dde25@Offset(125.2, 295.0), RenderClipRect#a99eb@Offset(125.2, 295.0), RenderSemanticsAnnotations#65e2e@Offset(125.2, 295.0), RenderPadding#92b5e@Offset(125.2, 295.0), RenderRepaintBoundary#3efbf@Offset(125.2, 295.0), RenderIgnorePointer#09c0b@Offset(125.2, 295.0), RenderRepaintBoundary#569d5@Offset(125.2, 295.0), RenderSemanticsAnnotations#7faa4@Offset(125.2, 295.0), RenderOffstage#6effa@Offset(125.2, 295.0), RenderSemanticsAnnotations#9b042@Offset(125.2, 295.0), _RenderTheater#b945f@Offset(125.2, 295.0), RenderAbsorbPointer#5fc6a@Offset(125.2, 295.0), RenderPointerListener#87571@Offset(125.2, 295.0), RenderSemanticsAnnotations#bb55d@Offset(125.2, 295.0), RenderCustomPaint#ef465@Offset(125.2, 295.0), RenderSemanticsAnnotations#c54f4@Offset(125.2, 295.0), RenderSemanticsAnnotations#b900a@Offset(125.2, 295.0), RenderTapRegionSurface#c4952@Offset(125.2, 295.0), RenderSemanticsAnnotations#120fe@Offset(125.2, 295.0), RenderSemanticsAnnotations#41006@Offset(125.2, 295.0), RenderSemanticsAnnotations#a29c8@Offset(125.2, 295.0), HitTestEntry<HitTestTarget>#8dac5(_ReusableRenderView#e0bcb), HitTestEntry<HitTestTarget>#b5485(<AutomatedTestWidgetsFlutterBinding>))
#0      WidgetController._getElementPoint (package:flutter_test/src/controller.dart:2081:25)
#1      WidgetController.getCenter (package:flutter_test/src/controller.dart:1865:12)
#2      WidgetController.tap (package:flutter_test/src/controller.dart:1045:7)
#3      main.<anonymous closure> (file:///app/test/features/transactions/presentation/transaction_list_page_test.dart:580:18)
<asynchronous suspension>
#4      testWidgets.<anonymous closure>.<anonymous closure> (package:flutter_test/src/widget_tester.dart:192:15)
<asynchronous suspension>
#5      TestWidgetsFlutterBinding._runTestBody (package:flutter_test/src/binding.dart:1059:5)
<asynchronous suspension>
#6      StackZoneSpecification._registerCallback.<anonymous closure> (package:stack_trace/src/stack_zone_specification.dart:114:42)
<asynchronous suspension>
To silence this warning, pass "warnIfMissed: false" to "tap()".
To make this warning fatal, set WidgetController.hitTestWarningShouldBeFatal to true.

👻 INFO 2026-01-28 10:32:12.964893 [caller info not available] [ExpenseCard] Building icon for category 'Food' (IconName: food)
👻 INFO 2026-01-28 10:32:12.965384 [caller info not available] [ExpenseCard] Falling back to IconData: IconData(U+0E532)
👻 INFO 2026-01-28 10:32:12.969156 [caller info not available] [ExpenseCard] Building icon for category 'Travel' (IconName: travel)
👻 INFO 2026-01-28 10:32:12.969546 [caller info not available] [ExpenseCard] Falling back to IconData: IconData(U+0E364)
00:31 +54 ~2: /app/test/features/transactions/presentation/transaction_list_page_test.dart: batch categorization flow applies category and exits mode                                                  00:31 +54 ~2: /app/test/features/transactions/presentation/transaction_list_page_test.dart: tapping card selects in batch mode                                                                         00:32 +54 ~2: /app/test/features/transactions/presentation/transaction_list_page_test.dart: tapping card selects in batch mode                                                                         00:32 +54 ~2: /app/test/features/transactions/presentation/transaction_list_page_test.dart: tapping card selects in batch mode
👻 INFO 2026-01-28 10:32:13.125372 [caller info not available] [ExpenseCard] Building icon for category 'Food' (IconName: food)
👻 INFO 2026-01-28 10:32:13.125819 [caller info not available] [ExpenseCard] Falling back to IconData: IconData(U+0E532)
👻 INFO 2026-01-28 10:32:13.156849 [caller info not available] [ExpenseCard] Building icon for category 'Food' (IconName: food)
👻 INFO 2026-01-28 10:32:13.157343 [caller info not available] [ExpenseCard] Falling back to IconData: IconData(U+0E532)
00:32 +55 ~2: /app/test/features/transactions/presentation/transaction_list_page_test.dart: tapping card selects in batch mode                                                                         00:32 +55 ~2: /app/test/features/transactions/presentation/transaction_list_page_test.dart: tapping card navigates in normal mode                                                                      00:32 +55 ~2: /app/test/features/transactions/presentation/transaction_list_page_test.dart: tapping card navigates in normal mode
👻 INFO 2026-01-28 10:32:13.264604 [caller info not available] [ExpenseCard] Building icon for category 'Food' (IconName: food)
👻 INFO 2026-01-28 10:32:13.265081 [caller info not available] [ExpenseCard] Falling back to IconData: IconData(U+0E532)
👻 INFO 2026-01-28 10:32:13.308175 [caller info not available] [ExpenseCard] Building icon for category 'Food' (IconName: food)
👻 INFO 2026-01-28 10:32:13.308821 [caller info not available] [ExpenseCard] Falling back to IconData: IconData(U+0E532)
👻 INFO 2026-01-28 10:32:13.340288 [caller info not available] [TxnListPage] _navigateToDetailOrEdit called for expense ID: t1
👻 INFO 2026-01-28 10:32:13.340816 [caller info not available] [TxnListPage] Attempting navigation via pushNamed:
👻 INFO 2026-01-28 10:32:13.341112 [caller info not available]   Route Name: edit
👻 INFO 2026-01-28 10:32:13.341926 [caller info not available]   Path Params: {transactionId: t1}
👻 INFO 2026-01-28 10:32:13.342259 [caller info not available]   Extra Data Type: TransactionEntity
👻 INFO 2026-01-28 10:32:13.351280 [caller info not available] [TxnListPage] pushNamed executed.
00:32 +56 ~2: /app/test/features/transactions/presentation/transaction_list_page_test.dart: tapping card navigates in normal mode                                                                      00:32 +56 ~2: /app/test/features/transactions/presentation/transaction_list_page_test.dart: getDominantTransactionType returns null when selected IDs contain a stale entry                            00:32 +56 ~2: /app/test/features/transactions/presentation/transaction_list_page_test.dart: getDominantTransactionType returns null when selected IDs contain a stale entry
⚠️ WARNING 2026-01-28 10:32:13.432971 [caller info not available] [TxnListPage] Selected ID stale-id not found in state during dominant type check.
00:32 +57 ~2: /app/test/features/transactions/presentation/transaction_list_page_test.dart: getDominantTransactionType returns null when selected IDs contain a stale entry                            00:32 +57 ~2: /app/test/features/transactions/presentation/transaction_list_page_test.dart: (tearDownAll)                                                                                              00:33 +57 ~2: /app/test/features/transactions/presentation/transaction_list_page_test.dart: (tearDownAll)                                                                                              00:33 +57 ~2: loading /app/test/features/transactions/presentation/widgets/transaction_sort_sheet_test.dart                                                                                            00:33 +57 ~2: /app/test/features/transactions/presentation/widgets/transaction_sort_sheet_test.dart: TransactionSortSheet renders all options and highlights the current one                           00:33 +58 ~2: /app/test/features/transactions/presentation/widgets/transaction_calendar_view_test.dart: TransactionCalendarView renders TableCalendar and list of transactions                         00:34 +58 ~2: /app/test/features/transactions/presentation/widgets/transaction_calendar_view_test.dart: TransactionCalendarView renders TableCalendar and list of transactions                         00:34 +59 ~2: /app/test/features/transactions/presentation/widgets/transaction_calendar_view_test.dart: TransactionCalendarView renders TableCalendar and list of transactions                         00:34 +60 ~2: /app/test/features/transactions/presentation/widgets/transaction_calendar_view_test.dart: TransactionCalendarView renders TableCalendar and list of transactions                         00:35 +60 ~2: /app/test/features/transactions/presentation/widgets/transaction_calendar_view_test.dart: TransactionCalendarView renders TableCalendar and list of transactions                         00:35 +61 ~2: /app/test/features/transactions/presentation/widgets/transaction_calendar_view_test.dart: TransactionCalendarView renders TableCalendar and list of transactions                         00:35 +61 ~2: /app/test/features/transactions/presentation/widgets/transaction_calendar_view_test.dart: TransactionCalendarView shows empty message when no transactions on selected day               00:35 +62 ~2: /app/test/features/transactions/presentation/widgets/transaction_calendar_view_test.dart: TransactionCalendarView shows empty message when no transactions on selected day               00:35 +62 ~2: /app/test/features/transactions/presentation/widgets/transaction_calendar_view_test.dart: TransactionCalendarView calls onDaySelected when a day is tapped                               00:35 +63 ~2: /app/test/features/transactions/presentation/widgets/transaction_calendar_view_test.dart: TransactionCalendarView calls onDaySelected when a day is tapped                               00:35 +63 ~2: /app/test/features/transactions/presentation/widgets/transaction_calendar_view_test.dart: TransactionCalendarView calls navigateToDetailOrEdit when a transaction is tapped              00:35 +64 ~2: /app/test/features/transactions/presentation/widgets/transaction_filter_dialog_test.dart: TransactionFilterDialog initializes with initial values                                        00:36 +64 ~2: /app/test/features/transactions/presentation/widgets/transaction_filter_dialog_test.dart: TransactionFilterDialog initializes with initial values                                        00:37 +64 ~2: /app/test/features/transactions/presentation/widgets/transaction_filter_dialog_test.dart: TransactionFilterDialog initializes with initial values                                        00:37 +65 ~2: /app/test/features/transactions/presentation/widgets/transaction_filter_dialog_test.dart: TransactionFilterDialog initializes with initial values                                        00:37 +65 ~2: /app/test/features/transactions/presentation/widgets/transaction_filter_dialog_test.dart: TransactionFilterDialog calls onApplyFilter with updated values when Apply is tapped           00:37 +66 ~2: /app/test/features/transactions/presentation/widgets/transaction_list_item_test.dart: TransactionListItem renders expense transaction correctly                                          00:37 +67 ~2: /app/test/features/transactions/presentation/widgets/transaction_list_item_test.dart: TransactionListItem renders expense transaction correctly                                          00:37 +68 ~2: /app/test/features/transactions/presentation/widgets/transaction_list_item_test.dart: TransactionListItem renders expense transaction correctly                                          00:38 +68 ~2: /app/test/features/transactions/presentation/widgets/transaction_list_item_test.dart: TransactionListItem renders expense transaction correctly                                          00:38 +69 ~2: /app/test/features/transactions/presentation/widgets/transaction_list_item_test.dart: TransactionListItem renders expense transaction correctly                                          00:38 +69 ~2: /app/test/features/transactions/presentation/widgets/transaction_list_item_test.dart: TransactionListItem renders income transaction correctly                                           00:38 +70 ~2: /app/test/features/transactions/presentation/widgets/transaction_list_item_test.dart: TransactionListItem renders income transaction correctly                                           00:38 +70 ~2: /app/test/features/transactions/presentation/widgets/transaction_list_item_test.dart: TransactionListItem renders recurring icon when isRecurring is true                                00:38 +71 ~2: /app/test/features/transactions/presentation/widgets/transaction_list_item_test.dart: TransactionListItem renders recurring icon when isRecurring is true                                00:38 +71 ~2: /app/test/features/transactions/presentation/widgets/transaction_list_item_test.dart: TransactionListItem calls onTap when tapped                                                        00:39 +71 ~2: /app/test/features/transactions/presentation/widgets/transaction_list_item_test.dart: TransactionListItem calls onTap when tapped                                                        00:39 +72 ~2: /app/test/features/transactions/presentation/widgets/transaction_list_item_test.dart: TransactionListItem calls onTap when tapped                                                        00:39 +72 ~2: loading /app/test/features/transactions/presentation/widgets/categorization_status_widget_test.dart                                                                                      00:39 +72 ~2: /app/test/features/transactions/presentation/widgets/categorization_status_widget_test.dart: CategorizationStatusWidget renders "needsReview" state and buttons correctly                00:40 +72 ~2: /app/test/features/transactions/presentation/widgets/categorization_status_widget_test.dart: CategorizationStatusWidget renders "needsReview" state and buttons correctly                00:40 +73 ~2: /app/test/features/transactions/presentation/widgets/categorization_status_widget_test.dart: CategorizationStatusWidget renders "needsReview" state and buttons correctly                00:40 +73 ~2: /app/test/features/transactions/presentation/widgets/categorization_status_widget_test.dart: CategorizationStatusWidget renders "uncategorized" state and button correctly               00:40 +74 ~2: /app/test/features/transactions/presentation/widgets/categorization_status_widget_test.dart: CategorizationStatusWidget renders "uncategorized" state and button correctly               00:40 +74 ~2: /app/test/features/transactions/presentation/widgets/categorization_status_widget_test.dart: CategorizationStatusWidget renders "categorized" state correctly                            00:40 +75 ~2: /app/test/features/transactions/presentation/pages/transaction_detail_page_test.dart: TransactionDetailPage renders all transaction details correctly                                    00:40 +75 ~2: /app/test/features/transactions/presentation/widgets/categorization_status_widget_test.dart: CategorizationStatusWidget "Confirm" button calls onUserCategorized
👻 INFO 2026-01-28 10:32:21.696736 [caller info not available] [CategorizationStatus] Suggestion confirmed for 1
00:40 +76 ~2: /app/test/features/transactions/presentation/pages/transaction_detail_page_test.dart: TransactionDetailPage renders all transaction details correctly                                    00:40 +76 ~2: /app/test/features/transactions/presentation/widgets/categorization_status_widget_test.dart: CategorizationStatusWidget "Change" and "Categorize" buttons call onChangeCategoryRequest
👻 INFO 2026-01-28 10:32:21.807042 [caller info not available] [CategorizationStatus] Change requested for suggested 1
👻 INFO 2026-01-28 10:32:21.939128 [caller info not available] [CategorizationStatus] Change requested for uncategorized 1
00:40 +77 ~2: /app/test/features/transactions/presentation/pages/transaction_detail_page_test.dart: TransactionDetailPage renders all transaction details correctly                                    00:40 +77 ~2: /app/test/features/transactions/presentation/widgets/categorization_status_widget_test.dart: CategorizationStatusWidget Tapping categorized text calls onChangeCategoryRequest
👻 INFO 2026-01-28 10:32:21.984322 [caller info not available] [CategorizationStatus] Change requested for categorized 1
00:40 +78 ~2: /app/test/features/transactions/presentation/pages/transaction_detail_page_test.dart: TransactionDetailPage renders all transaction details correctly                                    00:41 +78 ~2: /app/test/features/transactions/presentation/pages/transaction_detail_page_test.dart: TransactionDetailPage renders all transaction details correctly                                    00:41 +79 ~2: /app/test/features/transactions/presentation/pages/transaction_detail_page_test.dart: TransactionDetailPage renders all transaction details correctly                                    00:41 +79 ~2: /app/test/features/transactions/presentation/pages/transaction_detail_page_test.dart: TransactionDetailPage tapping Edit button does not throw                                           00:42 +79 ~2: /app/test/features/transactions/presentation/pages/transaction_detail_page_test.dart: TransactionDetailPage tapping Edit button does not throw                                           00:42 +79 ~2: /app/test/features/transactions/presentation/pages/transaction_detail_page_test.dart: TransactionDetailPage tapping Edit button does not throw
👻 INFO 2026-01-28 10:32:23.206741 [caller info not available] [TxnDetailPage] Navigate to Edit requested for TXN ID: 1
👻 INFO 2026-01-28 10:32:23.209846 [caller info not available] [TxnDetailPage] Navigating via pushNamed:
👻 INFO 2026-01-28 10:32:23.210200 [caller info not available]   Route Name: edit
👻 INFO 2026-01-28 10:32:23.210993 [caller info not available]   Path Params: {transactionId: 1}
👻 INFO 2026-01-28 10:32:23.211539 [caller info not available]   Extra Data Type: TransactionEntity
00:42 +80 ~2: /app/test/features/transactions/presentation/pages/transaction_detail_page_test.dart: TransactionDetailPage tapping Edit button does not throw                                           00:42 +80 ~2: /app/test/features/transactions/presentation/pages/transaction_detail_page_test.dart: TransactionDetailPage tapping Delete button shows dialog and dispatches event                      00:42 +80 ~2: /app/test/features/transactions/presentation/pages/transaction_detail_page_test.dart: TransactionDetailPage tapping Delete button shows dialog and dispatches event
👻 INFO 2026-01-28 10:32:23.421650 [caller info not available] [TxnDetailPage] Delete requested for TXN ID: 1
👻 INFO 2026-01-28 10:32:23.518818 [caller info not available] [TxnDetailPage] Delete confirmed.
00:42 +81 ~2: /app/test/features/transactions/presentation/pages/transaction_list_page_test.dart: TransactionListPage renders Header and ListView by default                                           00:43 +81 ~2: /app/test/features/transactions/presentation/pages/transaction_list_page_test.dart: TransactionListPage renders Header and ListView by default                                           00:43 +82 ~2: /app/test/features/transactions/presentation/pages/add_edit_transaction_page_test.dart: AddEditTransactionPage renders correct AppBar title for "Add" mode                               00:44 +82 ~2: /app/test/features/transactions/presentation/pages/add_edit_transaction_page_test.dart: AddEditTransactionPage renders correct AppBar title for "Add" mode                               00:44 +83 ~2: /app/test/features/transactions/presentation/pages/add_edit_transaction_page_test.dart: AddEditTransactionPage renders correct AppBar title for "Add" mode                               00:44 +83 ~2: /app/test/features/transactions/presentation/pages/transaction_list_page_test.dart: TransactionListPage shows FilterDialog when filter button is tapped
👻 INFO 2026-01-28 10:32:25.693862 [caller info not available] [TxnListPage] Showing filter dialog.
👻 INFO 2026-01-28 10:32:25.793469 [caller info not available] [AccountSelector] BlocBuilder running for state: AccountListInitial
👻 INFO 2026-01-28 10:32:25.912708 [caller info not available] [AccountSelector] BlocBuilder running for state: AccountListInitial
00:44 +83 ~2: /app/test/features/transactions/presentation/pages/add_edit_transaction_page_test.dart: AddEditTransactionPage renders correct AppBar title for "Add" mode
👻 INFO 2026-01-28 10:32:25.932929 [caller info not available] [AddEditTxnPage] initState complete. Initial Entity ID: null
👻 INFO 2026-01-28 10:32:25.969330 [caller info not available] [TransactionForm] initState. Initial Txn: false, Type: expense
👻 INFO 2026-01-28 10:32:25.970540 [caller info not available] [TransactionForm] Initial Category set in form state: null (ID: null)
00:44 +84 ~2: /app/test/features/transactions/presentation/pages/add_edit_transaction_page_test.dart: AddEditTransactionPage renders correct AppBar title for "Add" mode                               00:45 +84 ~2: /app/test/features/transactions/presentation/pages/add_edit_transaction_page_test.dart: AddEditTransactionPage renders correct AppBar title for "Add" mode                               00:45 +84 ~2: /app/test/features/transactions/presentation/pages/transaction_list_page_test.dart: TransactionListPage shows SortSheet when sort button is tapped
👻 INFO 2026-01-28 10:32:26.137981 [caller info not available] [TxnListPage] Showing sort bottom sheet.
00:45 +85 ~2: /app/test/features/transactions/presentation/pages/add_edit_transaction_page_test.dart: AddEditTransactionPage renders correct AppBar title for "Add" mode                               00:45 +85 ~2: /app/test/features/transactions/presentation/pages/add_edit_transaction_page_test.dart: AddEditTransactionPage renders correct AppBar title for "Add" mode
👻 INFO 2026-01-28 10:32:26.409108 [caller info not available] [AccountSelector] BlocBuilder running for state: AccountListInitial
00:45 +86 ~2: /app/test/features/transactions/presentation/pages/add_edit_transaction_page_test.dart: AddEditTransactionPage renders correct AppBar title for "Add" mode                               00:45 +87 ~2: /app/test/features/transactions/presentation/pages/add_edit_transaction_page_test.dart: AddEditTransactionPage renders correct AppBar title for "Add" mode                               00:45 +87 ~2: /app/test/features/transactions/presentation/pages/add_edit_transaction_page_test.dart: AddEditTransactionPage renders correct AppBar title for "Add" mode
👻 INFO 2026-01-28 10:32:26.824649 [caller info not available] [AccountSelector] BlocBuilder running for state: AccountListInitial
00:45 +88 ~2: /app/test/features/transactions/presentation/pages/add_edit_transaction_page_test.dart: AddEditTransactionPage renders correct AppBar title for "Add" mode                               00:45 +88 ~2: /app/test/features/transactions/presentation/pages/add_edit_transaction_page_test.dart: AddEditTransactionPage renders correct AppBar title for "Edit" mode                              00:45 +88 ~2: /app/test/features/transactions/presentation/pages/add_edit_transaction_page_test.dart: AddEditTransactionPage renders correct AppBar title for "Edit" mode
👻 INFO 2026-01-28 10:32:27.004201 [caller info not available] [AddEditTxnPage] initState complete. Initial Entity ID: 1
👻 INFO 2026-01-28 10:32:27.014759 [caller info not available] [TransactionForm] initState. Initial Txn: true, Type: expense
👻 INFO 2026-01-28 10:32:27.015502 [caller info not available] [TransactionForm] Initial Category set in form state: null (ID: null)
👻 INFO 2026-01-28 10:32:27.082136 [caller info not available] [AccountSelector] BlocBuilder running for state: AccountListInitial
⚠️ WARNING 2026-01-28 10:32:27.082923 [caller info not available] [AccountSelector] Selected ID '' is not in the current list of accounts. Displaying as null.
👻 INFO 2026-01-28 10:32:27.172526 [caller info not available] [AccountSelector] BlocBuilder running for state: AccountListInitial
⚠️ WARNING 2026-01-28 10:32:27.173306 [caller info not available] [AccountSelector] Selected ID '' is not in the current list of accounts. Displaying as null.
00:46 +89 ~2: /app/test/features/transactions/presentation/pages/add_edit_transaction_page_test.dart: AddEditTransactionPage renders correct AppBar title for "Edit" mode                              00:46 +89 ~2: /app/test/features/transactions/presentation/pages/add_edit_transaction_page_test.dart: AddEditTransactionPage shows loading indicator when state is saving                              00:46 +89 ~2: /app/test/features/transactions/presentation/pages/add_edit_transaction_page_test.dart: AddEditTransactionPage shows loading indicator when state is saving
👻 INFO 2026-01-28 10:32:27.268839 [caller info not available] [AddEditTxnPage] initState complete. Initial Entity ID: null
👻 INFO 2026-01-28 10:32:27.274338 [caller info not available] [TransactionForm] initState. Initial Txn: false, Type: expense
👻 INFO 2026-01-28 10:32:27.274792 [caller info not available] [TransactionForm] Initial Category set in form state: null (ID: null)
👻 INFO 2026-01-28 10:32:27.324348 [caller info not available] [AccountSelector] BlocBuilder running for state: AccountListInitial
👻 INFO 2026-01-28 10:32:27.402071 [caller info not available] [AccountSelector] BlocBuilder running for state: AccountListInitial
00:46 +90 ~2: /app/test/features/transactions/presentation/pages/add_edit_transaction_page_test.dart: AddEditTransactionPage shows loading indicator when state is saving                              00:46 +90 ~2: /app/test/features/transactions/presentation/pages/add_edit_transaction_page_test.dart: AddEditTransactionPage shows success SnackBar when state is success                              00:46 +90 ~2: /app/test/features/transactions/presentation/pages/add_edit_transaction_page_test.dart: AddEditTransactionPage shows success SnackBar when state is success
👻 INFO 2026-01-28 10:32:27.481578 [caller info not available] [AddEditTxnPage] initState complete. Initial Entity ID: null
👻 INFO 2026-01-28 10:32:27.486421 [caller info not available] [TransactionForm] initState. Initial Txn: false, Type: expense
👻 INFO 2026-01-28 10:32:27.486829 [caller info not available] [TransactionForm] Initial Category set in form state: null (ID: null)
👻 INFO 2026-01-28 10:32:27.537766 [caller info not available] [AccountSelector] BlocBuilder running for state: AccountListInitial
👻 INFO 2026-01-28 10:32:27.583323 [caller info not available] [AddEditTxnPage] Transaction save successful. Popping route.
👻 INFO 2026-01-28 10:32:27.660866 [caller info not available] [AccountSelector] BlocBuilder running for state: AccountListInitial
00:46 +91 ~2: /app/test/features/transactions/presentation/pages/add_edit_transaction_page_test.dart: AddEditTransactionPage shows success SnackBar when state is success                              00:46 +91 ~2: /app/test/features/transactions/presentation/pages/add_edit_transaction_page_test.dart: AddEditTransactionPage shows error SnackBar when state is error                                  00:46 +91 ~2: /app/test/features/transactions/presentation/pages/add_edit_transaction_page_test.dart: AddEditTransactionPage shows error SnackBar when state is error
👻 INFO 2026-01-28 10:32:27.772865 [caller info not available] [AddEditTxnPage] initState complete. Initial Entity ID: null
👻 INFO 2026-01-28 10:32:27.778437 [caller info not available] [TransactionForm] initState. Initial Txn: false, Type: expense
👻 INFO 2026-01-28 10:32:27.778786 [caller info not available] [TransactionForm] Initial Category set in form state: null (ID: null)
👻 INFO 2026-01-28 10:32:27.822639 [caller info not available] [AccountSelector] BlocBuilder running for state: AccountListInitial
⚠️ WARNING 2026-01-28 10:32:27.878964 [caller info not available] [AddEditTxnPage] Transaction save/process error: Oh no!
👻 INFO 2026-01-28 10:32:27.899249 [caller info not available] [AccountSelector] BlocBuilder running for state: AccountListInitial
00:46 +92 ~2: /app/test/features/categories/data/category_model_test.dart: toEntity defaults to expense when typeIndex is invalid                                                                      00:46 +92 ~2: /app/test/features/categories/data/category_model_test.dart: toEntity defaults to expense when typeIndex is invalid
⚠️ WARNING 2026-01-28 10:32:27.949280 [caller info not available] [CategoryModel] Invalid typeIndex '99' for category '1'. Defaulting to expense.
00:46 +93 ~2: /app/test/features/categories/data/category_model_test.dart: toEntity defaults to expense when typeIndex is invalid                                                                      00:47 +93 ~2: /app/test/features/categories/data/category_model_test.dart: toEntity defaults to expense when typeIndex is invalid                                                                      00:48 +93 ~2: /app/test/features/categories/data/category_model_test.dart: toEntity defaults to expense when typeIndex is invalid                                                                      00:48 +93 ~2: loading /app/test/features/categories/data/repositories/category_repository_impl_test.dart                                                                                               00:48 +93 ~2: /app/test/features/categories/data/repositories/category_repository_impl_test.dart: should return ValidationFailure when updating non-custom category                                    00:48 +93 ~2: /app/test/features/categories/data/repositories/category_repository_impl_test.dart: should return ValidationFailure when updating non-custom category
👻 INFO 2026-01-28 10:32:29.303175 [caller info not available] [CategoryRepo] updateCategory called for 'Food' (ID: 1), Type: expense. Custom: false
⚠️ WARNING 2026-01-28 10:32:29.306886 [caller info not available] [CategoryRepo] Attempted to update a non-custom category.
00:48 +94 ~2: /app/test/features/categories/data/repositories/category_repository_impl_test.dart: should return ValidationFailure when updating non-custom category                                    00:48 +94 ~2: loading /app/test/features/categories/domain/usecases/delete_custom_category_test.dart                                                                                                   00:48 +94 ~2: /app/test/features/categories/domain/usecases/delete_custom_category_test.dart: rolls back expense reassignment when income reassignment fails                                           00:48 +94 ~2: /app/test/features/categories/domain/usecases/delete_custom_category_test.dart: rolls back expense reassignment when income reassignment fails
👻 INFO 2026-01-28 10:32:29.953928 [caller info not available] [DeleteCustomCategoryUseCase] Executing for category ID: old. Fallback: new
👻 INFO 2026-01-28 10:32:29.957545 [caller info not available] [DeleteCustomCategoryUseCase] Reassigning expenses from old to new...
👻 INFO 2026-01-28 10:32:29.963089 [caller info not available] [DeleteCustomCategoryUseCase] Reassigning income from old to new...
⚠️ WARNING 2026-01-28 10:32:29.964948 [caller info not available] [DeleteCustomCategoryUseCase] Failed to reassign income: fail. Rolling back expense reassignment.
00:48 +95 ~2: /app/test/features/categories/domain/usecases/delete_custom_category_test.dart: rolls back expense reassignment when income reassignment fails                                           00:48 +95 ~2: /app/test/features/categories/domain/usecases/delete_custom_category_test.dart: deletes category when both reassignments succeed                                                         00:48 +95 ~2: /app/test/features/categories/domain/usecases/delete_custom_category_test.dart: deletes category when both reassignments succeed
👻 INFO 2026-01-28 10:32:29.989034 [caller info not available] [DeleteCustomCategoryUseCase] Executing for category ID: old. Fallback: new
👻 INFO 2026-01-28 10:32:29.989442 [caller info not available] [DeleteCustomCategoryUseCase] Reassigning expenses from old to new...
👻 INFO 2026-01-28 10:32:29.990054 [caller info not available] [DeleteCustomCategoryUseCase] Reassigning income from old to new...
👻 INFO 2026-01-28 10:32:29.990820 [caller info not available] [DeleteCustomCategoryUseCase] Reassignment complete. Deleting category old...
00:48 +96 ~2: /app/test/features/categories/domain/usecases/delete_custom_category_test.dart: deletes category when both reassignments succeed                                                         00:49 +96 ~2: /app/test/features/categories/domain/usecases/delete_custom_category_test.dart: deletes category when both reassignments succeed                                                         00:49 +96 ~2: loading /app/test/features/categories/domain/usecases/add_custom_category_test.dart                                                                                                      00:49 +96 ~2: /app/test/features/categories/domain/usecases/add_custom_category_test.dart: should return validation failure when category with same name exists                                        00:49 +96 ~2: /app/test/features/categories/domain/usecases/add_custom_category_test.dart: should return validation failure when category with same name exists
👻 INFO 2026-01-28 10:32:30.632217 [caller info not available] [AddCustomCategoryUseCase] Executing for name: 'Test', Type: expense.
⚠️ WARNING 2026-01-28 10:32:30.644213 [caller info not available] [AddCustomCategoryUseCase] Validation failed: A category with the name 'Test' already exists for this type/parent.
00:49 +97 ~2: /app/test/features/categories/domain/usecases/add_custom_category_test.dart: should return validation failure when category with same name exists                                        00:50 +97 ~2: /app/test/features/categories/domain/usecases/add_custom_category_test.dart: should return validation failure when category with same name exists                                        00:50 +97 ~2: loading /app/test/features/categories/domain/usecases/update_custom_category_test.dart                                                                                                   00:50 +97 ~2: /app/test/features/categories/domain/usecases/update_custom_category_test.dart: should return ValidationFailure when category is not custom                                              00:50 +97 ~2: /app/test/features/categories/domain/usecases/update_custom_category_test.dart: should return ValidationFailure when category is not custom
👻 INFO 2026-01-28 10:32:31.266951 [caller info not available] [UpdateCustomCategoryUseCase] Executing for category ID: 1, Name: 'Food'.
⚠️ WARNING 2026-01-28 10:32:31.270801 [caller info not available] [UpdateCustomCategoryUseCase] Validation failed: Only custom categories can be updated.
00:50 +98 ~2: /app/test/features/categories/domain/usecases/update_custom_category_test.dart: should return ValidationFailure when category is not custom                                              00:50 +98 ~2: loading /app/test/features/categories/presentation/category_list_item_widget_test.dart                                                                                                   00:50 +98 ~2: /app/test/features/categories/presentation/category_list_item_widget_test.dart: edit and delete buttons have minimum touch size                                                          00:51 +98 ~2: /app/test/features/categories/presentation/category_list_item_widget_test.dart: edit and delete buttons have minimum touch size                                                          00:51 +99 ~2: /app/test/features/categories/presentation/widgets/category_list_item_widget_test.dart: CategoryListItemWidget renders category name and icon                                            00:52 +99 ~2: /app/test/features/categories/presentation/widgets/category_list_item_widget_test.dart: CategoryListItemWidget renders category name and icon                                            00:52 +100 ~2: /app/test/features/categories/presentation/widgets/category_list_item_widget_test.dart: CategoryListItemWidget renders category name and icon                                           00:52 +100 ~2: /app/test/features/categories/presentation/widgets/category_list_item_widget_test.dart: CategoryListItemWidget shows Edit and Delete buttons for custom categories                      00:52 +101 ~2: /app/test/features/categories/presentation/widgets/category_list_item_widget_test.dart: CategoryListItemWidget shows Edit and Delete buttons for custom categories                      00:52 +101 ~2: /app/test/features/categories/presentation/widgets/category_list_item_widget_test.dart: CategoryListItemWidget shows Personalize button for predefined categories                       00:52 +102 ~2: /app/test/features/categories/presentation/widgets/category_list_item_widget_test.dart: CategoryListItemWidget shows Personalize button for predefined categories                       00:52 +102 ~2: /app/test/features/categories/presentation/widgets/category_list_item_widget_test.dart: CategoryListItemWidget calls onEdit and onDelete callbacks for custom categories                00:53 +102 ~2: /app/test/features/categories/presentation/widgets/category_list_item_widget_test.dart: CategoryListItemWidget calls onEdit and onDelete callbacks for custom categories                00:53 +103 ~2: /app/test/features/categories/presentation/widgets/category_list_section_widget_test.dart: CategoryListSectionWidget shows empty message when categories list is empty                  00:54 +103 ~2: /app/test/features/categories/presentation/widgets/category_list_section_widget_test.dart: CategoryListSectionWidget shows empty message when categories list is empty                  00:54 +104 ~2: /app/test/features/categories/presentation/widgets/category_list_section_widget_test.dart: CategoryListSectionWidget shows empty message when categories list is empty                  00:54 +104 ~2: /app/test/features/categories/presentation/widgets/category_list_section_widget_test.dart: CategoryListSectionWidget renders a sorted list of CategoryListItemWidgets                   00:54 +105 ~2: /app/test/features/categories/presentation/widgets/category_appearance_form_section_test.dart: CategoryAppearanceFormSection renders selected icon and color                            00:55 +105 ~2: /app/test/features/categories/presentation/widgets/category_appearance_form_section_test.dart: CategoryAppearanceFormSection renders selected icon and color                            00:55 +106 ~2: /app/test/features/categories/presentation/widgets/category_appearance_form_section_test.dart: CategoryAppearanceFormSection renders selected icon and color                            00:55 +106 ~2: /app/test/features/categories/presentation/widgets/category_appearance_form_section_test.dart: CategoryAppearanceFormSection tapping icon tile shows icon picker                        00:55 +107 ~2: /app/test/features/categories/presentation/widgets/category_appearance_form_section_test.dart: CategoryAppearanceFormSection tapping icon tile shows icon picker                        00:55 +107 ~2: loading /app/test/features/categories/presentation/widgets/category_picker_dialog_test.dart                                                                                             00:55 +107 ~2: /app/test/features/categories/presentation/widgets/category_picker_dialog_test.dart: CategoryPickerDialogContent renders a list of categories                                           00:56 +107 ~2: /app/test/features/categories/presentation/widgets/category_picker_dialog_test.dart: CategoryPickerDialogContent renders a list of categories                                           00:57 +107 ~2: /app/test/features/categories/presentation/widgets/category_picker_dialog_test.dart: CategoryPickerDialogContent renders a list of categories                                           00:57 +108 ~2: /app/test/features/categories/presentation/widgets/category_picker_dialog_test.dart: CategoryPickerDialogContent renders a list of categories                                           00:57 +108 ~2: /app/test/features/categories/presentation/widgets/category_picker_dialog_test.dart: CategoryPickerDialogContent filters categories based on search                                     00:57 +109 ~2: /app/test/features/categories/presentation/widgets/icon_picker_dialog_test.dart: IconPickerDialogContent renders grid of icons                                                          00:57 +109 ~2: /app/test/features/categories/presentation/widgets/category_picker_dialog_test.dart: CategoryPickerDialogContent tapping a category pops with the selected category
👻 INFO 2026-01-28 10:32:38.828393 [caller info not available] [CategoryPicker] Selected: Food
00:57 +110 ~2: /app/test/features/categories/presentation/widgets/icon_picker_dialog_test.dart: IconPickerDialogContent renders grid of icons                                                          00:57 +111 ~2: /app/test/features/categories/presentation/widgets/icon_picker_dialog_test.dart: IconPickerDialogContent renders grid of icons                                                          00:58 +111 ~2: /app/test/features/categories/presentation/widgets/icon_picker_dialog_test.dart: IconPickerDialogContent renders grid of icons                                                          00:58 +112 ~2: /app/test/features/categories/presentation/widgets/icon_picker_dialog_test.dart: IconPickerDialogContent renders grid of icons                                                          00:58 +112 ~2: /app/test/features/categories/presentation/widgets/icon_picker_dialog_test.dart: IconPickerDialogContent filters icons based on search query                                            00:59 +112 ~2: /app/test/features/categories/presentation/widgets/icon_picker_dialog_test.dart: IconPickerDialogContent filters icons based on search query                                            00:59 +113 ~2: /app/test/features/categories/presentation/widgets/icon_picker_dialog_test.dart: IconPickerDialogContent filters icons based on search query                                            00:59 +113 ~2: /app/test/features/categories/presentation/widgets/icon_picker_dialog_test.dart: IconPickerDialogContent tapping an icon selects it                                                     00:59 +114 ~2: /app/test/features/categories/presentation/pages/categories_sub_tab_test.dart: CategoriesSubTab shows loading indicator                                                                 01:00 +114 ~2: /app/test/features/categories/presentation/pages/categories_sub_tab_test.dart: CategoriesSubTab shows loading indicator                                                                 01:00 +115 ~2: /app/test/features/categories/presentation/pages/categories_sub_tab_test.dart: CategoriesSubTab shows loading indicator                                                                 01:00 +116 ~2: /app/test/features/categories/presentation/pages/categories_sub_tab_test.dart: CategoriesSubTab shows loading indicator                                                                 01:00 +116 ~2: /app/test/features/categories/presentation/pages/categories_sub_tab_test.dart: CategoriesSubTab renders category lists in their respective tabs                                         01:00 +117 ~2: /app/test/features/categories/presentation/pages/categories_sub_tab_test.dart: CategoriesSubTab renders category lists in their respective tabs                                         01:00 +117 ~2: /app/test/features/categories/presentation/pages/categories_sub_tab_test.dart: CategoriesSubTab has "Manage Categories" button                                                          01:01 +117 ~2: /app/test/features/categories/presentation/pages/categories_sub_tab_test.dart: CategoriesSubTab has "Manage Categories" button                                                          01:01 +118 ~2: /app/test/features/categories/presentation/pages/categories_sub_tab_test.dart: CategoriesSubTab has "Manage Categories" button                                                          01:01 +118 ~2: loading /app/test/features/categories/presentation/pages/add_edit_category_screen_test.dart                                                                                             01:01 +118 ~2: /app/test/features/categories/presentation/pages/add_edit_category_screen_test.dart: AddEditCategoryScreen renders CategoryForm and correct title for "Add" mode                        01:02 +118 ~2: /app/test/features/categories/presentation/pages/add_edit_category_screen_test.dart: AddEditCategoryScreen renders CategoryForm and correct title for "Add" mode                        01:02 +118 ~2: /app/test/features/categories/presentation/pages/add_edit_category_screen_test.dart: AddEditCategoryScreen renders CategoryForm and correct title for "Add" mode
👻 INFO 2026-01-28 10:32:43.155477 [caller info not available] [AddEditCategoryScreen] Building. Editing: false. Category: null. Forced Initial Type: null
👻 INFO 2026-01-28 10:32:43.198756 [caller info not available] [CategoryForm] initState. Initial Type: expense, AllowChange: true
01:02 +119 ~2: /app/test/features/categories/presentation/pages/category_management_screen_test.dart: CategoryManagementScreen shows loading indicator                                                 01:02 +119 ~2: /app/test/features/categories/presentation/pages/add_edit_category_screen_test.dart: AddEditCategoryScreen renders correct title for "Edit" mode
👻 INFO 2026-01-28 10:32:43.881927 [caller info not available] [AddEditCategoryScreen] Building. Editing: true. Category: Test. Forced Initial Type: null
👻 INFO 2026-01-28 10:32:43.887762 [caller info not available] [CategoryForm] initState. Initial Type: expense, AllowChange: false
01:02 +120 ~2: /app/test/features/categories/presentation/pages/category_management_screen_test.dart: CategoryManagementScreen shows loading indicator                                                 01:02 +120 ~2: /app/test/features/categories/presentation/pages/add_edit_category_screen_test.dart: AddEditCategoryScreen submit calls AddCategory event when adding
👻 INFO 2026-01-28 10:32:44.025316 [caller info not available] [AddEditCategoryScreen] Building. Editing: false. Category: null. Forced Initial Type: null
👻 INFO 2026-01-28 10:32:44.029761 [caller info not available] [CategoryForm] initState. Initial Type: expense, AllowChange: true
👻 INFO 2026-01-28 10:32:44.378939 [caller info not available] [CategoryForm] Form validated. Submitting with Type: expense
👻 INFO 2026-01-28 10:32:44.383002 [caller info not available] [AddEditCategoryScreen] Form submitted. Name: New Category, Type: expense
01:03 +121 ~2: /app/test/features/categories/presentation/pages/category_management_screen_test.dart: CategoryManagementScreen shows loading indicator                                                 01:03 +122 ~2: /app/test/features/categories/presentation/pages/category_management_screen_test.dart: CategoryManagementScreen shows loading indicator                                                 01:03 +122 ~2: /app/test/features/categories/presentation/pages/category_management_screen_test.dart: CategoryManagementScreen renders CategoryListSectionWidget when loaded                           01:04 +122 ~2: /app/test/features/categories/presentation/pages/category_management_screen_test.dart: CategoryManagementScreen renders CategoryListSectionWidget when loaded                           01:04 +123 ~2: /app/test/features/categories/presentation/pages/category_management_screen_test.dart: CategoryManagementScreen renders CategoryListSectionWidget when loaded                           01:04 +123 ~2: /app/test/features/categories/presentation/pages/category_management_screen_test.dart: CategoryManagementScreen FAB navigates to add page                                               01:04 +124 ~2: /app/test/features/categories/presentation/pages/category_management_screen_test.dart: CategoryManagementScreen FAB navigates to add page                                               01:04 +124 ~2: /app/test/features/categories/presentation/pages/category_management_screen_test.dart: CategoryManagementScreen shows error message                                                     01:04 +125 ~2: /app/test/features/categories/presentation/pages/category_management_screen_test.dart: CategoryManagementScreen shows error message                                                     01:04 +125 ~2: loading /app/test/features/income/data/income_local_data_source_test.dart                                                                                                               01:04 +125 ~2: /app/test/features/income/data/income_local_data_source_test.dart: applies filters in HiveIncomeLocalDataSource                                                                         01:04 +125 ~2: /app/test/features/income/data/income_local_data_source_test.dart: applies filters in HiveIncomeLocalDataSource
👻 INFO 2026-01-28 10:32:45.827917 [caller info not available] Retrieved 1 incomes from Hive after applying filters.
01:04 +126 ~2: /app/test/features/income/data/income_local_data_source_test.dart: applies filters in HiveIncomeLocalDataSource                                                                         01:05 +126 ~2: /app/test/features/income/data/income_local_data_source_test.dart: applies filters in HiveIncomeLocalDataSource                                                                         01:05 +126 ~2: loading /app/test/features/reports/data/report_repository_impl_test.dart                                                                                                                01:05 +126 ~2: /app/test/features/reports/data/report_repository_impl_test.dart: getGoalProgress aggregates contributions with single fetch                                                            01:05 +126 ~2: /app/test/features/reports/data/report_repository_impl_test.dart: getGoalProgress aggregates contributions with single fetch
👻 INFO 2026-01-28 10:32:46.822636 [caller info not available] [ReportRepo] getGoalProgress: Goals=All Active
👻 INFO 2026-01-28 10:32:46.839988 [caller info not available] [ReportRepo] Goal progress report generated. Goals: 2
01:05 +127 ~2: /app/test/features/reports/data/report_repository_impl_test.dart: getGoalProgress aggregates contributions with single fetch                                                            01:06 +127 ~2: /app/test/features/reports/data/report_repository_impl_test.dart: getGoalProgress aggregates contributions with single fetch                                                            01:06 +127 ~2: loading /app/test/features/reports/presentation/widgets/report_filter_controls_test.dart                                                                                                01:06 +127 ~2: /app/test/features/reports/presentation/widgets/report_filter_controls_test.dart: (setUpAll)                                                                                            01:06 +127 ~2: /app/test/features/reports/presentation/widgets/report_filter_controls_test.dart: disables apply button and shows loading indicator                                                     01:07 +127 ~2: /app/test/features/reports/presentation/widgets/report_filter_controls_test.dart: disables apply button and shows loading indicator                                                     01:07 +128 ~2: /app/test/features/reports/presentation/pages/spending_over_time_page_test.dart: tapping data row plays click sound and chart uses AspectRatio                                          01:08 +128 ~2: /app/test/features/reports/presentation/pages/spending_over_time_page_test.dart: tapping data row plays click sound and chart uses AspectRatio                                          01:08 +128 ~2: /app/test/features/reports/presentation/pages/spending_over_time_page_test.dart: tapping data row plays click sound and chart uses AspectRatio
👻 INFO 2026-01-28 10:32:49.745466 [caller info not available] [SpendingOverTimePage] Navigating to transactions with filters: {startDate: 2024-01-01T00:00:00.000, endDate: 2024-01-31T23:59:59.000, type: expense}
01:08 +129 ~2: /app/test/features/reports/presentation/pages/spending_over_time_page_test.dart: tapping data row plays click sound and chart uses AspectRatio                                          01:08 +129 ~2: /app/test/features/reports/presentation/pages/spending_over_time_page_test.dart: (tearDownAll)                                                                                          01:08 +129 ~2: loading /app/test/features/reports/presentation/pages/spending_by_category_page_test.dart                                                                                               01:08 +129 ~2: /app/test/features/reports/presentation/pages/spending_by_category_page_test.dart: (setUpAll)                                                                                           01:08 +129 ~2: /app/test/features/reports/presentation/pages/spending_by_category_page_test.dart: tapping data row plays click sound                                                                   01:09 +129 ~2: /app/test/features/reports/presentation/pages/spending_by_category_page_test.dart: tapping data row plays click sound                                                                   01:10 +129 ~2: /app/test/features/reports/presentation/pages/spending_by_category_page_test.dart: tapping data row plays click sound                                                                   01:10 +129 ~2: /app/test/features/reports/presentation/pages/spending_by_category_page_test.dart: tapping data row plays click sound
👻 INFO 2026-01-28 10:32:51.409103 [caller info not available] [SpendingByCategoryPage] Navigating to transactions with filters: {startDate: 2026-01-01T00:00:00.000, endDate: 2026-01-31T23:59:59.000, type: expense, categoryId: 1}
01:10 +130 ~2: /app/test/features/reports/presentation/pages/income_vs_expense_page_test.dart: tapping income cell plays click sound and chart uses AspectRatio                                        01:11 +130 ~2: /app/test/features/reports/presentation/pages/income_vs_expense_page_test.dart: tapping income cell plays click sound and chart uses AspectRatio                                        01:11 +130 ~2: /app/test/features/reports/presentation/pages/income_vs_expense_page_test.dart: tapping income cell plays click sound and chart uses AspectRatio
👻 INFO 2026-01-28 10:32:52.805163 [caller info not available] [IncomeVsExpensePage] Navigating to transactions with filters: {startDate: 2024-01-01T00:00:00.000, endDate: 2024-01-31T23:59:59.000, type: income}
01:11 +130 ~2: /app/test/features/dashboard/domain/get_financial_overview_usecase_test.dart: propagates failure when income repository fails
👻 INFO 2026-01-28 10:32:52.834932 [caller info not available] Executing GetFinancialOverviewUseCase. Start: 2024-01-01 00:00:00.000, End: 2024-01-01 00:00:00.000
⚠️ WARNING 2026-01-28 10:32:52.851694 [caller info not available] [GetFinancialOverviewUseCase] Failed to get total income: fail
01:11 +131 ~2: /app/test/features/reports/presentation/pages/income_vs_expense_page_test.dart: tapping income cell plays click sound and chart uses AspectRatio                                        01:11 +132 ~2: /app/test/features/reports/presentation/pages/income_vs_expense_page_test.dart: tapping income cell plays click sound and chart uses AspectRatio                                        01:11 +132 ~2: /app/test/features/reports/presentation/pages/income_vs_expense_page_test.dart: (tearDownAll)                                                                                           01:12 +132 ~2: /app/test/features/reports/presentation/pages/income_vs_expense_page_test.dart: (tearDownAll)                                                                                           01:13 +132 ~2: /app/test/features/reports/presentation/pages/income_vs_expense_page_test.dart: (tearDownAll)                                                                                           01:13 +132 ~2: loading /app/test/features/dashboard/presentation/widgets/recent_transactions_section_test.dart                                                                                         01:13 +132 ~2: /app/test/features/dashboard/presentation/widgets/recent_transactions_section_test.dart: RecentTransactionsSection shows loading indicator                                              01:13 +132 ~3: /app/test/features/dashboard/presentation/widgets/recent_transactions_section_test.dart: RecentTransactionsSection shows loading indicator                                              01:13 +132 ~3: /app/test/features/dashboard/presentation/widgets/recent_transactions_section_test.dart: RecentTransactionsSection shows empty message                                                  01:13 +132 ~4: /app/test/features/dashboard/presentation/widgets/recent_transactions_section_test.dart: RecentTransactionsSection shows empty message                                                  01:13 +132 ~4: /app/test/features/dashboard/presentation/widgets/recent_transactions_section_test.dart: RecentTransactionsSection renders a list of TransactionListItems                               01:13 +132 ~5: /app/test/features/dashboard/presentation/widgets/recent_transactions_section_test.dart: RecentTransactionsSection renders a list of TransactionListItems                               01:13 +132 ~5: /app/test/features/dashboard/presentation/widgets/recent_transactions_section_test.dart: RecentTransactionsSection "View All" button navigates                                          01:13 +132 ~6: /app/test/features/dashboard/presentation/widgets/recent_transactions_section_test.dart: RecentTransactionsSection "View All" button navigates                                          01:13 +132 ~6: /app/test/features/dashboard/presentation/widgets/recent_transactions_section_test.dart: RecentTransactionsSection tapping a list item calls navigateToDetailOrEdit                     01:13 +132 ~7: /app/test/features/dashboard/presentation/widgets/recent_transactions_section_test.dart: RecentTransactionsSection tapping a list item calls navigateToDetailOrEdit                     01:13 +132 ~7: loading /app/test/features/dashboard/presentation/widgets/asset_distribution_section_test.dart                                                                                          01:13 +132 ~7: /app/test/features/dashboard/presentation/widgets/asset_distribution_section_test.dart: AssetDistributionSection renders Pie Chart for Elemental UI mode                                01:13 +132 ~8: /app/test/features/dashboard/presentation/widgets/asset_distribution_section_test.dart: AssetDistributionSection renders Pie Chart for Elemental UI mode                                01:13 +132 ~8: /app/test/features/dashboard/presentation/widgets/asset_distribution_section_test.dart: ... renders Pie Chart for Quantum mode when preferDataTableForLists is false                    01:13 +132 ~9: /app/test/features/dashboard/presentation/widgets/asset_distribution_section_test.dart: ... renders Pie Chart for Quantum mode when preferDataTableForLists is false                    01:13 +132 ~9: /app/test/features/dashboard/presentation/widgets/asset_distribution_section_test.dart: AssetDistributionSection renders DataTable for Quantum mode when preferDataTableForLists is true01:13 +132 ~10: /app/test/features/dashboard/presentation/widgets/asset_distribution_section_test.dart: ... renders DataTable for Quantum mode when preferDataTableForLists is true                    01:14 +132 ~10: /app/test/features/dashboard/presentation/widgets/asset_distribution_section_test.dart: ... renders DataTable for Quantum mode when preferDataTableForLists is true                    01:14 +132 ~10: loading /app/test/features/dashboard/presentation/widgets/asset_distribution_pie_chart_test.dart                                                                                       01:14 +132 ~10: /app/test/features/dashboard/presentation/widgets/asset_distribution_pie_chart_test.dart: AssetDistributionPieChart renders empty state message when no positive balances exist        01:14 +132 ~11: /app/test/features/dashboard/presentation/widgets/asset_distribution_pie_chart_test.dart: AssetDistributionPieChart renders empty state message when no positive balances exist        01:14 +132 ~11: /app/test/features/dashboard/presentation/widgets/asset_distribution_pie_chart_test.dart: AssetDistributionPieChart renders PieChart and legends when positive balances exist          01:14 +132 ~12: /app/test/features/dashboard/presentation/widgets/asset_distribution_pie_chart_test.dart: AssetDistributionPieChart renders PieChart and legends when positive balances exist          01:14 +132 ~12: /app/test/features/dashboard/presentation/widgets/asset_distribution_pie_chart_test.dart: AssetDistributionPieChart renders nothing when UI mode is Quantum                            01:14 +132 ~13: /app/test/features/dashboard/presentation/widgets/asset_distribution_pie_chart_test.dart: AssetDistributionPieChart renders nothing when UI mode is Quantum                            01:14 +132 ~13: /app/test/features/dashboard/presentation/widgets/asset_distribution_pie_chart_test.dart: AssetDistributionPieChart tapping a chart section updates the touchedIndex                   01:14 +132 ~14: /app/test/features/dashboard/presentation/widgets/asset_distribution_pie_chart_test.dart: AssetDistributionPieChart tapping a chart section updates the touchedIndex                   01:14 +132 ~14: /app/test/features/dashboard/presentation/widgets/asset_distribution_pie_chart_test.dart: ... (Unit Tests) generateColorMap assigns colors correctly and sequentially                  01:14 +132 ~15: /app/test/features/dashboard/presentation/widgets/asset_distribution_pie_chart_test.dart: ... (Unit Tests) generateColorMap assigns colors correctly and sequentially                  01:15 +132 ~15: /app/test/features/dashboard/presentation/widgets/asset_distribution_pie_chart_test.dart: ... (Unit Tests) generateColorMap assigns colors correctly and sequentially                  01:15 +132 ~15: loading /app/test/features/dashboard/presentation/widgets/budget_summary_widget_test.dart                                                                                              01:15 +132 ~15: /app/test/features/dashboard/presentation/widgets/budget_summary_widget_test.dart: BudgetSummaryWidget renders empty state when budgets list is empty                                  01:15 +132 ~16: /app/test/features/dashboard/presentation/widgets/budget_summary_widget_test.dart: BudgetSummaryWidget renders empty state when budgets list is empty                                  01:15 +132 ~16: /app/test/features/dashboard/presentation/widgets/budget_summary_widget_test.dart: BudgetSummaryWidget renders a list of budgets                                                       01:15 +132 ~17: /app/test/features/dashboard/presentation/widgets/budget_summary_widget_test.dart: BudgetSummaryWidget renders a list of budgets                                                       01:15 +132 ~17: /app/test/features/dashboard/presentation/widgets/budget_summary_widget_test.dart: BudgetSummaryWidget tapping a budget card navigates to detail page                                  01:15 +132 ~18: /app/test/features/dashboard/presentation/widgets/budget_summary_widget_test.dart: BudgetSummaryWidget tapping a budget card navigates to detail page                                  01:15 +132 ~18: /app/test/features/dashboard/presentation/widgets/budget_summary_widget_test.dart: BudgetSummaryWidget shows "View All" button when there are 3 or more budgets                        01:15 +132 ~19: /app/test/features/dashboard/presentation/widgets/budget_summary_widget_test.dart: BudgetSummaryWidget shows "View All" button when there are 3 or more budgets                        01:15 +132 ~19: /app/test/features/dashboard/presentation/widgets/budget_summary_widget_test.dart: BudgetSummaryWidget hides "View All" button with fewer than 3 budgets                               01:15 +132 ~20: /app/test/features/dashboard/presentation/widgets/budget_summary_widget_test.dart: BudgetSummaryWidget hides "View All" button with fewer than 3 budgets                               01:16 +132 ~20: /app/test/features/dashboard/presentation/widgets/budget_summary_widget_test.dart: BudgetSummaryWidget hides "View All" button with fewer than 3 budgets                               01:16 +132 ~20: loading /app/test/features/dashboard/presentation/widgets/overall_balance_card_test.dart                                                                                               01:16 +132 ~20: /app/test/features/dashboard/presentation/widgets/overall_balance_card_test.dart: OverallBalanceCard renders balance and net flow correctly                                            01:16 +132 ~21: /app/test/features/dashboard/presentation/widgets/overall_balance_card_test.dart: OverallBalanceCard renders balance and net flow correctly                                            01:16 +132 ~22: /app/test/features/dashboard/presentation/widgets/overall_balance_card_test.dart: OverallBalanceCard renders balance and net flow correctly                                            01:16 +132 ~23: /app/test/features/dashboard/presentation/widgets/overall_balance_card_test.dart: OverallBalanceCard renders balance and net flow correctly                                            01:16 +132 ~24: /app/test/features/dashboard/presentation/widgets/overall_balance_card_test.dart: OverallBalanceCard renders balance and net flow correctly                                            01:17 +132 ~24: /app/test/features/dashboard/presentation/widgets/overall_balance_card_test.dart: OverallBalanceCard renders balance and net flow correctly                                            01:17 +133 ~24: /app/test/features/dashboard/presentation/widgets/overall_balance_card_test.dart: OverallBalanceCard renders balance and net flow correctly                                            01:17 +133 ~24: /app/test/features/dashboard/presentation/widgets/overall_balance_card_test.dart: OverallBalanceCard shows primary color for positive or zero balance                                  01:17 +134 ~24: /app/test/features/dashboard/presentation/widgets/overall_balance_card_test.dart: OverallBalanceCard shows primary color for positive or zero balance                                  01:17 +134 ~24: /app/test/features/dashboard/presentation/widgets/overall_balance_card_test.dart: OverallBalanceCard shows error color for negative balance                                            01:17 +135 ~24: /app/test/features/dashboard/presentation/widgets/overall_balance_card_test.dart: OverallBalanceCard shows error color for negative balance                                            01:18 +135 ~24: /app/test/features/dashboard/presentation/widgets/overall_balance_card_test.dart: OverallBalanceCard shows error color for negative balance                                            01:18 +135 ~24: loading /app/test/features/dashboard/presentation/widgets/income_expense_summary_card_test.dart                                                                                        01:18 +135 ~24: /app/test/features/dashboard/presentation/widgets/income_expense_summary_card_test.dart: IncomeExpenseSummaryCard renders formatted income and expense amounts                         01:18 +135 ~25: /app/test/features/dashboard/presentation/widgets/income_expense_summary_card_test.dart: IncomeExpenseSummaryCard renders formatted income and expense amounts                         01:18 +135 ~26: /app/test/features/dashboard/presentation/widgets/income_expense_summary_card_test.dart: IncomeExpenseSummaryCard renders formatted income and expense amounts                         01:18 +135 ~27: /app/test/features/dashboard/presentation/widgets/income_expense_summary_card_test.dart: IncomeExpenseSummaryCard renders formatted income and expense amounts                         01:18 +135 ~28: /app/test/features/dashboard/presentation/widgets/income_expense_summary_card_test.dart: IncomeExpenseSummaryCard renders formatted income and expense amounts                         01:19 +135 ~28: /app/test/features/dashboard/presentation/widgets/income_expense_summary_card_test.dart: IncomeExpenseSummaryCard renders formatted income and expense amounts                         01:19 +136 ~28: /app/test/features/dashboard/presentation/widgets/income_expense_summary_card_test.dart: IncomeExpenseSummaryCard renders formatted income and expense amounts                         01:19 +136 ~28: /app/test/features/dashboard/presentation/widgets/income_expense_summary_card_test.dart: IncomeExpenseSummaryCard renders correct colors and icons for income and expenses             01:19 +137 ~28: /app/test/features/dashboard/presentation/widgets/income_expense_summary_card_test.dart: IncomeExpenseSummaryCard renders correct colors and icons for income and expenses             01:20 +137 ~28: /app/test/features/dashboard/presentation/widgets/income_expense_summary_card_test.dart: IncomeExpenseSummaryCard renders correct colors and icons for income and expenses             01:20 +137 ~28: loading /app/test/features/budgets/data/repositories/budget_repository_impl_test.dart                                                                                                  01:20 +137 ~28: /app/test/features/budgets/data/repositories/budget_repository_impl_test.dart: (setUpAll)                                                                                              01:20 +137 ~28: /app/test/features/budgets/data/repositories/budget_repository_impl_test.dart: allows one-time budgets to coexist with recurring budgets                                               01:20 +137 ~28: /app/test/features/budgets/data/repositories/budget_repository_impl_test.dart: allows one-time budgets to coexist with recurring budgets
👻 INFO 2026-01-28 10:33:01.338989 [caller info not available] [BudgetRepo] Adding budget: One Time
👻 INFO 2026-01-28 10:33:01.348983 [caller info not available] [BudgetRepo] Retrieved and sorted 1 budgets.
👻 INFO 2026-01-28 10:33:01.359235 [caller info not available] [BudgetRepo] Budget added successfully: o1
01:20 +138 ~28: /app/test/features/budgets/data/repositories/budget_repository_impl_test.dart: allows one-time budgets to coexist with recurring budgets                                               01:20 +138 ~28: /app/test/features/budgets/data/repositories/budget_repository_impl_test.dart: (tearDownAll)                                                                                           01:20 +138 ~28: loading /app/test/features/budgets/domain/entities/budget_test.dart                                                                                                                    01:20 +138 ~28: /app/test/features/budgets/domain/entities/budget_test.dart: Budget.getPeriodDatesFor returns start and end of reference month for recurring budgets                                   01:20 +139 ~28: /app/test/features/budgets/domain/entities/budget_test.dart: Budget.getPeriodDatesFor returns start and end of reference month for recurring budgets                                   01:20 +139 ~28: /app/test/features/budgets/domain/entities/budget_test.dart: Budget.getPeriodDatesFor returns configured dates for one-time budgets                                                    01:20 +140 ~28: /app/test/features/budgets/domain/entities/budget_test.dart: Budget.getPeriodDatesFor returns configured dates for one-time budgets                                                    01:21 +140 ~28: /app/test/features/budgets/domain/entities/budget_test.dart: Budget.getPeriodDatesFor returns configured dates for one-time budgets                                                    01:21 +140 ~28: loading /app/test/features/budgets/presentation/widgets/budget_form_test.dart                                                                                                          01:21 +140 ~28: /app/test/features/budgets/presentation/widgets/budget_form_test.dart: BudgetForm initializes correctly in "add" mode                                                                  01:22 +140 ~28: /app/test/features/budgets/presentation/widgets/budget_form_test.dart: BudgetForm initializes correctly in "add" mode                                                                  01:22 +140 ~28: /app/test/features/budgets/presentation/widgets/budget_form_test.dart: BudgetForm initializes correctly in "add" mode
👻 INFO 2026-01-28 10:33:03.929763 [caller info not available] [BudgetForm] initState. Type: BudgetType.overall, Period: BudgetPeriodType.recurringMonthly, Initial Categories: 0
01:23 +141 ~28: /app/test/features/budgets/presentation/widgets/budget_form_test.dart: BudgetForm initializes correctly in "add" mode                                                                  01:23 +142 ~28: /app/test/features/budgets/presentation/widgets/budget_card_test.dart: BudgetCard calls onTap when tapped                                                                              01:23 +142 ~28: /app/test/features/budgets/presentation/widgets/budget_form_test.dart: BudgetForm initializes correctly in "edit" mode
👻 INFO 2026-01-28 10:33:04.888808 [caller info not available] [BudgetForm] initState. Type: BudgetType.overall, Period: BudgetPeriodType.recurringMonthly, Initial Categories: 0
01:23 +143 ~28: /app/test/features/budgets/presentation/widgets/budget_form_test.dart: BudgetForm initializes correctly in "edit" mode                                                                 01:24 +143 ~28: /app/test/features/budgets/presentation/widgets/budget_form_test.dart: BudgetForm initializes correctly in "edit" mode                                                                 01:24 +144 ~28: /app/test/features/budgets/presentation/widgets/budget_form_test.dart: BudgetForm initializes correctly in "edit" mode                                                                 01:24 +144 ~28: /app/test/features/budgets/presentation/widgets/budget_form_test.dart: BudgetForm onSubmit is called with correct data when form is valid                                              01:24 +144 ~28: /app/test/features/budgets/presentation/widgets/budget_form_test.dart: BudgetForm onSubmit is called with correct data when form is valid
👻 INFO 2026-01-28 10:33:05.156456 [caller info not available] [BudgetForm] initState. Type: BudgetType.overall, Period: BudgetPeriodType.recurringMonthly, Initial Categories: 0
👻 INFO 2026-01-28 10:33:05.564742 [caller info not available] [BudgetForm] Submit button pressed.
👻 INFO 2026-01-28 10:33:05.571569 [caller info not available] [BudgetForm] Form validated, calling onSubmit.
01:24 +145 ~28: /app/test/features/budgets/presentation/widgets/budget_form_test.dart: BudgetForm onSubmit is called with correct data when form is valid                                              01:24 +145 ~28: /app/test/features/budgets/presentation/widgets/budget_form_test.dart: BudgetForm shows error if category is required but not selected                                                 01:24 +145 ~29: /app/test/features/budgets/presentation/widgets/budget_form_test.dart: BudgetForm shows error if category is required but not selected                                                 01:25 +145 ~29: /app/test/features/budgets/presentation/widgets/budget_form_test.dart: BudgetForm shows error if category is required but not selected                                                 01:25 +145 ~29: loading /app/test/features/budgets/presentation/pages/add_edit_budget_page_test.dart                                                                                                   01:25 +145 ~29: /app/test/features/budgets/presentation/pages/add_edit_budget_page_test.dart: AddEditBudgetPage renders correct AppBar title for "Add" mode                                            01:26 +145 ~29: /app/test/features/budgets/presentation/pages/add_edit_budget_page_test.dart: AddEditBudgetPage renders correct AppBar title for "Add" mode                                            01:26 +145 ~29: /app/test/features/budgets/presentation/pages/add_edit_budget_page_test.dart: AddEditBudgetPage renders correct AppBar title for "Add" mode
👻 INFO 2026-01-28 10:33:07.423013 [caller info not available] [AddEditBudgetPage] Building. Editing: false. Budget: null
👻 INFO 2026-01-28 10:33:07.462778 [caller info not available] [BudgetForm] initState. Type: BudgetType.overall, Period: BudgetPeriodType.recurringMonthly, Initial Categories: 0
01:27 +146 ~29: /app/test/features/budgets/presentation/pages/budget_detail_page_test.dart: BudgetDetailPage shows loading indicator and then displays details                                         01:27 +146 ~29: /app/test/features/budgets/presentation/pages/add_edit_budget_page_test.dart: AddEditBudgetPage renders correct AppBar title for "Edit" mode
👻 INFO 2026-01-28 10:33:08.522536 [caller info not available] [AddEditBudgetPage] Building. Editing: true. Budget: Test
👻 INFO 2026-01-28 10:33:08.527881 [caller info not available] [BudgetForm] initState. Type: BudgetType.overall, Period: BudgetPeriodType.recurringMonthly, Initial Categories: 0
01:27 +147 ~29: /app/test/features/budgets/presentation/pages/budget_detail_page_test.dart: BudgetDetailPage shows loading indicator and then displays details                                         01:27 +148 ~29: /app/test/features/budgets/presentation/pages/add_edit_budget_page_test.dart: AddEditBudgetPage renders BudgetForm when categories are loaded                                          01:27 +148 ~30: /app/test/features/budgets/presentation/pages/add_edit_budget_page_test.dart: AddEditBudgetPage renders BudgetForm when categories are loaded                                          01:27 +148 ~30: /app/test/features/budgets/presentation/pages/add_edit_budget_page_test.dart: AddEditBudgetPage renders BudgetForm when categories are loaded
👻 INFO 2026-01-28 10:33:08.791344 [caller info not available] [AddEditBudgetPage] Building. Editing: false. Budget: null
👻 INFO 2026-01-28 10:33:08.795008 [caller info not available] [BudgetForm] initState. Type: BudgetType.overall, Period: BudgetPeriodType.recurringMonthly, Initial Categories: 0
01:27 +149 ~30: /app/test/features/budgets/presentation/pages/budget_detail_page_test.dart: BudgetDetailPage tapping Delete button shows dialog and dispatches event                                   01:27 +149 ~30: /app/test/features/budgets/presentation/pages/add_edit_budget_page_test.dart: AddEditBudgetPage shows loading indicator when loading categories
👻 INFO 2026-01-28 10:33:09.006883 [caller info not available] [AddEditBudgetPage] Building. Editing: false. Budget: null
01:27 +150 ~30: /app/test/features/budgets/presentation/pages/budget_detail_page_test.dart: BudgetDetailPage tapping Delete button shows dialog and dispatches event                                   01:27 +150 ~30: /app/test/features/budgets/presentation/pages/budget_detail_page_test.dart: BudgetDetailPage tapping Delete button shows dialog and dispatches event
👻 INFO 2026-01-28 10:33:09.062157 [caller info not available] [BudgetDetail] Delete requested for budget: Groceries
01:27 +150 ~30: /app/test/features/budgets/presentation/pages/add_edit_budget_page_test.dart: AddEditBudgetPage shows success SnackBar when state is success
👻 INFO 2026-01-28 10:33:09.093969 [caller info not available] [AddEditBudgetPage] Building. Editing: false. Budget: null
👻 INFO 2026-01-28 10:33:09.101088 [caller info not available] [BudgetForm] initState. Type: BudgetType.overall, Period: BudgetPeriodType.recurringMonthly, Initial Categories: 0
👻 INFO 2026-01-28 10:33:09.215405 [caller info not available] [AddEditBudgetPage] Save successful. Popping.
01:28 +151 ~30: /app/test/features/budgets/presentation/pages/budget_detail_page_test.dart: BudgetDetailPage tapping Delete button shows dialog and dispatches event                                   01:28 +152 ~30: /app/test/features/budgets/presentation/pages/budget_detail_page_test.dart: BudgetDetailPage tapping Delete button shows dialog and dispatches event                                   01:28 +152 ~30: /app/test/features/budgets/presentation/pages/budget_detail_page_test.dart: (tearDownAll)                                                                                              01:28 +152 ~30: loading /app/test/features/budgets/presentation/pages/budgets_sub_tab_test.dart                                                                                                        01:29 +152 ~30: loading /app/test/features/budgets/presentation/pages/budgets_sub_tab_test.dart                                                                                                        01:30 +152 ~30: loading /app/test/features/budgets/presentation/pages/budgets_sub_tab_test.dart                                                                                                        01:30 +152 ~30: /app/test/features/budgets/presentation/pages/budgets_sub_tab_test.dart: BudgetsSubTab shows loading indicator                                                                         01:30 +152 ~30: /app/test/features/settings/domain/usecases/restore_data_usecase_test.dart: fails when backup format version mismatches
👻 INFO 2026-01-28 10:33:12.013397 [caller info not available] [RestoreUseCase] Restore process started. Platform: Non-Web
👻 INFO 2026-01-28 10:33:12.018040 [caller info not available] [RestoreUseCase] Prompting user to pick backup file...
👻 INFO 2026-01-28 10:33:12.019701 [caller info not available] [RestoreUseCase] User selected file: backup.json
👻 INFO 2026-01-28 10:33:12.020224 [caller info not available] [RestoreUseCase] Reading file content...
👻 INFO 2026-01-28 10:33:12.020851 [caller info not available] [RestoreUseCase] File content read and decoded (260 chars).
👻 INFO 2026-01-28 10:33:12.021355 [caller info not available] [RestoreUseCase] Decoding encrypted payload...
👻 INFO 2026-01-28 10:33:12.027061 [caller info not available] [RestoreUseCase] JSON decoded.
⚠️ WARNING 2026-01-28 10:33:12.027831 [caller info not available] [RestoreUseCase] Backup format version mismatch. Found: 0.9, Expected: 1.0
01:30 +153 ~30: /app/test/features/budgets/presentation/pages/budgets_sub_tab_test.dart: BudgetsSubTab shows loading indicator                                                                         01:31 +153 ~30: /app/test/features/budgets/presentation/pages/budgets_sub_tab_test.dart: BudgetsSubTab shows loading indicator                                                                         01:31 +154 ~30: /app/test/features/budgets/presentation/pages/budgets_sub_tab_test.dart: BudgetsSubTab shows loading indicator                                                                         01:31 +154 ~30: /app/test/features/budgets/presentation/pages/budgets_sub_tab_test.dart: BudgetsSubTab shows empty state and handles add button tap                                                    01:31 +154 ~31: /app/test/features/budgets/presentation/pages/budgets_sub_tab_test.dart: BudgetsSubTab shows empty state and handles add button tap                                                    01:31 +154 ~31: /app/test/features/budgets/presentation/pages/budgets_sub_tab_test.dart: BudgetsSubTab shows error message                                                                             01:31 +155 ~31: /app/test/features/budgets/presentation/pages/budgets_sub_tab_test.dart: BudgetsSubTab shows error message                                                                             01:31 +155 ~31: /app/test/features/budgets/presentation/pages/budgets_sub_tab_test.dart: BudgetsSubTab renders a list of BudgetCards                                                                   01:31 +156 ~31: /app/test/features/budgets/presentation/pages/budgets_sub_tab_test.dart: BudgetsSubTab renders a list of BudgetCards                                                                   01:31 +156 ~31: /app/test/features/budgets/presentation/pages/budgets_sub_tab_test.dart: BudgetsSubTab tapping FAB navigates to add page                                                               01:31 +156 ~32: /app/test/features/budgets/presentation/pages/budgets_sub_tab_test.dart: BudgetsSubTab tapping FAB navigates to add page                                                               01:32 +156 ~32: /app/test/features/budgets/presentation/pages/budgets_sub_tab_test.dart: BudgetsSubTab tapping FAB navigates to add page                                                               01:32 +156 ~32: loading /app/test/features/settings/presentation/bloc/data_management_bloc_test.dart                                                                                                   01:32 +156 ~32: /app/test/features/settings/presentation/bloc/data_management_bloc_test.dart: (setUpAll)                                                                                               01:32 +156 ~32: /app/test/features/settings/presentation/bloc/data_management_bloc_test.dart: DataManagementBloc calls BackupDataUseCase with password and emits success                               01:32 +156 ~32: /app/test/features/settings/presentation/bloc/data_management_bloc_test.dart: DataManagementBloc calls BackupDataUseCase with password and emits success
👻 INFO 2026-01-28 10:33:13.437411 [caller info not available] [DataManagementBloc] Initialized.
👻 INFO 2026-01-28 10:33:13.449329 [caller info not available] [DataManagementBloc] Received BackupRequested event.
👻 INFO 2026-01-28 10:33:13.460474 [caller info not available] [DataManagementBloc] Backup successful. Message/Path: path
01:32 +157 ~32: /app/test/features/settings/presentation/bloc/data_management_bloc_test.dart: DataManagementBloc calls BackupDataUseCase with password and emits success                               01:32 +157 ~32: /app/test/features/settings/presentation/bloc/data_management_bloc_test.dart: DataManagementBloc calls RestoreDataUseCase with password and emits success                              01:32 +157 ~32: /app/test/features/settings/presentation/bloc/data_management_bloc_test.dart: DataManagementBloc calls RestoreDataUseCase with password and emits success
👻 INFO 2026-01-28 10:33:13.486883 [caller info not available] [DataManagementBloc] Initialized.
👻 INFO 2026-01-28 10:33:13.488283 [caller info not available] [DataManagementBloc] Received RestoreRequested event.
👻 INFO 2026-01-28 10:33:13.490213 [caller info not available] [DataManagementBloc] Restore successful. Publishing data change events.
⚠️ WARNING 2026-01-28 10:33:13.493200 [caller info not available] Attempted to publish DataChangedEvent, but StreamController 'dataChangeController' is not registered.
⚠️ WARNING 2026-01-28 10:33:13.493722 [caller info not available] Attempted to publish DataChangedEvent, but StreamController 'dataChangeController' is not registered.
⚠️ WARNING 2026-01-28 10:33:13.494071 [caller info not available] Attempted to publish DataChangedEvent, but StreamController 'dataChangeController' is not registered.
01:32 +158 ~32: /app/test/features/settings/presentation/bloc/data_management_bloc_test.dart: DataManagementBloc calls RestoreDataUseCase with password and emits success                              01:32 +158 ~32: /app/test/features/settings/presentation/bloc/data_management_bloc_test.dart: (tearDownAll)                                                                                            01:33 +158 ~32: /app/test/features/settings/presentation/bloc/data_management_bloc_test.dart: (tearDownAll)                                                                                            01:33 +158 ~32: loading /app/test/features/accounts/data/asset_account_repository_impl_test.dart                                                                                                       01:33 +158 ~32: /app/test/features/accounts/data/asset_account_repository_impl_test.dart: calculates balances using single income/expense fetch                                                        01:33 +158 ~32: /app/test/features/accounts/data/asset_account_repository_impl_test.dart: calculates balances using single income/expense fetch
👻 INFO 2026-01-28 10:33:14.196373 [caller info not available] [AssetAccountRepo] Getting all asset accounts...
👻 INFO 2026-01-28 10:33:14.200071 [caller info not available] [AssetAccountRepo] Fetching account models...
👻 INFO 2026-01-28 10:33:14.205981 [caller info not available] [AssetAccountRepo] Fetched 2 models.
👻 INFO 2026-01-28 10:33:14.213565 [caller info not available] [AssetAccountRepo] Finished calculating all balances in-memory. Returning 2 accounts.
01:33 +159 ~32: /app/test/features/accounts/data/asset_account_repository_impl_test.dart: calculates balances using single income/expense fetch                                                        01:33 +159 ~32: loading /app/test/features/accounts/domain/usecases/account_name_validation_test.dart                                                                                                  01:33 +159 ~32: /app/test/features/accounts/domain/usecases/account_name_validation_test.dart: AddAssetAccountUseCase fails for non-alphanumeric name                                                  01:33 +159 ~32: /app/test/features/accounts/domain/usecases/account_name_validation_test.dart: AddAssetAccountUseCase fails for non-alphanumeric name
👻 INFO 2026-01-28 10:33:14.879963 [caller info not available] Executing AddAssetAccountUseCase for 'Invalid@Name!'.
⚠️ WARNING 2026-01-28 10:33:14.884664 [caller info not available] Validation failed: Account name must be alphanumeric.
01:33 +160 ~32: /app/test/features/accounts/domain/usecases/account_name_validation_test.dart: AddAssetAccountUseCase fails for non-alphanumeric name                                                  01:33 +160 ~32: /app/test/features/accounts/domain/usecases/account_name_validation_test.dart: UpdateAssetAccountUseCase fails for non-alphanumeric name                                               01:33 +160 ~32: /app/test/features/accounts/domain/usecases/account_name_validation_test.dart: UpdateAssetAccountUseCase fails for non-alphanumeric name
👻 INFO 2026-01-28 10:33:14.897582 [caller info not available] Executing UpdateAssetAccountUseCase for 'Invalid@Name!' (ID: 1).
⚠️ WARNING 2026-01-28 10:33:14.898057 [caller info not available] Validation failed: Account name must be alphanumeric.
01:33 +161 ~32: /app/test/features/accounts/domain/usecases/account_name_validation_test.dart: UpdateAssetAccountUseCase fails for non-alphanumeric name                                               01:33 +161 ~32: /app/test/features/accounts/domain/usecases/account_name_validation_test.dart: AddAssetAccountUseCase succeeds for valid name                                                          01:33 +161 ~32: /app/test/features/accounts/domain/usecases/account_name_validation_test.dart: AddAssetAccountUseCase succeeds for valid name
👻 INFO 2026-01-28 10:33:14.906209 [caller info not available] Executing AddAssetAccountUseCase for 'Valid 123'.
01:33 +162 ~32: /app/test/features/accounts/domain/usecases/account_name_validation_test.dart: AddAssetAccountUseCase succeeds for valid name                                                          01:33 +162 ~32: /app/test/features/accounts/domain/usecases/account_name_validation_test.dart: UpdateAssetAccountUseCase succeeds for valid name                                                       01:33 +162 ~32: /app/test/features/accounts/domain/usecases/account_name_validation_test.dart: UpdateAssetAccountUseCase succeeds for valid name
👻 INFO 2026-01-28 10:33:14.922824 [caller info not available] Executing UpdateAssetAccountUseCase for 'Valid 123' (ID: 1).
01:33 +163 ~32: /app/test/features/accounts/domain/usecases/account_name_validation_test.dart: UpdateAssetAccountUseCase succeeds for valid name                                                       01:34 +163 ~32: /app/test/features/accounts/domain/usecases/account_name_validation_test.dart: UpdateAssetAccountUseCase succeeds for valid name                                                       01:34 +163 ~32: loading /app/test/features/accounts/presentation/bloc/add_edit_account_bloc_test.dart                                                                                                  01:34 +163 ~32: /app/test/features/accounts/presentation/bloc/add_edit_account_bloc_test.dart: (setUpAll)                                                                                              01:34 +163 ~32: /app/test/features/accounts/presentation/bloc/add_edit_account_bloc_test.dart: AddEditAccountBloc preserves current balance when editing                                               01:34 +163 ~32: /app/test/features/accounts/presentation/bloc/add_edit_account_bloc_test.dart: AddEditAccountBloc preserves current balance when editing
👻 INFO 2026-01-28 10:33:15.680412 [caller info not available] [AddEditAccountBloc] Initialized. Editing: true
👻 INFO 2026-01-28 10:33:15.692221 [caller info not available] [AddEditAccountBloc] Received SaveAccountRequested.
👻 INFO 2026-01-28 10:33:15.695249 [caller info not available] [AddEditAccountBloc] Calling Update use case for 'Updated'.
👻 INFO 2026-01-28 10:33:15.696281 [caller info not available] Executing UpdateAssetAccountUseCase for 'Updated' (ID: 1).
👻 INFO 2026-01-28 10:33:15.705922 [caller info not available] [AddEditAccountBloc] Save successful for 'Updated'. Emitting Success status and publishing event.
⚠️ WARNING 2026-01-28 10:33:15.708975 [caller info not available] Attempted to publish DataChangedEvent, but StreamController 'dataChangeController' is not registered.
01:34 +164 ~32: /app/test/features/accounts/presentation/bloc/add_edit_account_bloc_test.dart: AddEditAccountBloc preserves current balance when editing                                               01:34 +164 ~32: /app/test/features/accounts/presentation/bloc/add_edit_account_bloc_test.dart: (tearDownAll)                                                                                           01:35 +164 ~32: /app/test/features/accounts/presentation/bloc/add_edit_account_bloc_test.dart: (tearDownAll)                                                                                           01:35 +164 ~32: loading /app/test/features/accounts/presentation/widgets/account_card_test.dart                                                                                                        01:35 +164 ~32: /app/test/features/accounts/presentation/widgets/account_card_test.dart: AccountCard renders account name, type, and balance                                                           01:35 +164 ~33: /app/test/features/accounts/presentation/widgets/account_card_test.dart: AccountCard renders account name, type, and balance                                                           01:35 +164 ~34: /app/test/features/accounts/presentation/widgets/account_card_test.dart: AccountCard renders account name, type, and balance                                                           01:35 +164 ~35: /app/test/features/accounts/presentation/widgets/account_card_test.dart: AccountCard renders account name, type, and balance                                                           01:35 +164 ~36: /app/test/features/accounts/presentation/widgets/account_card_test.dart: AccountCard renders account name, type, and balance                                                           01:35 +164 ~37: /app/test/features/accounts/presentation/widgets/account_card_test.dart: AccountCard renders account name, type, and balance                                                           01:36 +164 ~37: /app/test/features/accounts/presentation/widgets/account_card_test.dart: AccountCard renders account name, type, and balance                                                           01:36 +165 ~37: /app/test/features/accounts/presentation/widgets/account_card_test.dart: AccountCard renders account name, type, and balance                                                           01:36 +165 ~37: /app/test/features/accounts/presentation/widgets/account_card_test.dart: AccountCard balance color is primary for positive balance                                                     01:36 +166 ~37: /app/test/features/accounts/presentation/widgets/account_card_test.dart: AccountCard balance color is primary for positive balance                                                     01:36 +166 ~37: /app/test/features/accounts/presentation/widgets/account_card_test.dart: AccountCard balance color is error for negative balance                                                       01:36 +167 ~37: /app/test/features/accounts/presentation/widgets/account_card_test.dart: AccountCard balance color is error for negative balance                                                       01:36 +167 ~37: /app/test/features/accounts/presentation/widgets/account_card_test.dart: AccountCard onTap callback is called when tapped                                                              01:36 +168 ~37: /app/test/features/accounts/presentation/widgets/account_card_test.dart: AccountCard onTap callback is called when tapped                                                              01:37 +168 ~37: /app/test/features/accounts/presentation/widgets/account_card_test.dart: AccountCard onTap callback is called when tapped                                                              01:37 +168 ~37: loading /app/test/features/recurring_transactions/domain/usecases/pause_resume_recurring_rule_test.dart                                                                                01:37 +168 ~37: /app/test/features/recurring_transactions/domain/usecases/pause_resume_recurring_rule_test.dart: should pause an active rule                                                           01:37 +169 ~37: /app/test/features/recurring_transactions/domain/usecases/pause_resume_recurring_rule_test.dart: should pause an active rule                                                           01:38 +169 ~37: /app/test/features/recurring_transactions/domain/usecases/pause_resume_recurring_rule_test.dart: should pause an active rule                                                           01:38 +169 ~37: loading /app/test/features/recurring_transactions/domain/usecases/update_recurring_rule_test.dart                                                                                      01:38 +169 ~37: /app/test/features/recurring_transactions/domain/usecases/update_recurring_rule_test.dart: (setUpAll)                                                                                  01:38 +169 ~37: /app/test/features/recurring_transactions/domain/usecases/update_recurring_rule_test.dart: should create audit logs for changed fields                                                 01:38 +170 ~37: /app/test/features/recurring_transactions/domain/usecases/update_recurring_rule_test.dart: should create audit logs for changed fields                                                 01:38 +170 ~37: /app/test/features/recurring_transactions/domain/usecases/update_recurring_rule_test.dart: (tearDownAll)                                                                               01:38 +170 ~37: loading /app/test/features/recurring_transactions/domain/usecases/generate_transactions_on_launch_test.dart                                                                            01:38 +170 ~37: /app/test/features/recurring_transactions/domain/usecases/generate_transactions_on_launch_test.dart: (setUpAll)                                                                        01:38 +170 ~37: /app/test/features/recurring_transactions/domain/usecases/generate_transactions_on_launch_test.dart: should clamp next occurrence date for monthly rules                               01:38 +171 ~37: /app/test/features/recurring_transactions/domain/usecases/generate_transactions_on_launch_test.dart: should clamp next occurrence date for monthly rules                               01:38 +171 ~37: /app/test/features/recurring_transactions/domain/usecases/generate_transactions_on_launch_test.dart: should generate a transaction for a due rule                                      01:38 +172 ~37: /app/test/features/recurring_transactions/domain/usecases/generate_transactions_on_launch_test.dart: should generate a transaction for a due rule                                      01:38 +172 ~37: /app/test/features/recurring_transactions/domain/usecases/generate_transactions_on_launch_test.dart: should not generate a transaction for a future rule                               01:38 +173 ~37: /app/test/features/recurring_transactions/domain/usecases/generate_transactions_on_launch_test.dart: should not generate a transaction for a future rule                               01:38 +173 ~37: /app/test/features/recurring_transactions/domain/usecases/generate_transactions_on_launch_test.dart: should return failure when addExpense fails                                       01:38 +174 ~37: /app/test/features/recurring_transactions/domain/usecases/generate_transactions_on_launch_test.dart: should return failure when addExpense fails                                       01:38 +174 ~37: /app/test/features/recurring_transactions/domain/usecases/generate_transactions_on_launch_test.dart: should return failure when addIncome fails                                        01:38 +175 ~37: /app/test/features/recurring_transactions/domain/usecases/generate_transactions_on_launch_test.dart: should return failure when addIncome fails                                        01:38 +175 ~37: /app/test/features/recurring_transactions/domain/usecases/generate_transactions_on_launch_test.dart: should return failure when updateRecurringRule fails                              01:38 +176 ~37: /app/test/features/recurring_transactions/domain/usecases/generate_transactions_on_launch_test.dart: should return failure when updateRecurringRule fails                              01:38 +176 ~37: /app/test/features/recurring_transactions/domain/usecases/generate_transactions_on_launch_test.dart: should return failure when category lookup fails                                  01:38 +177 ~37: /app/test/features/recurring_transactions/domain/usecases/generate_transactions_on_launch_test.dart: should return failure when category lookup fails                                  01:38 +177 ~37: /app/test/features/recurring_transactions/domain/usecases/generate_transactions_on_launch_test.dart: should handle monthly rule without dayOfMonth by defaulting to current day        01:38 +178 ~37: /app/test/features/recurring_transactions/domain/usecases/generate_transactions_on_launch_test.dart: should handle monthly rule without dayOfMonth by defaulting to current day        01:38 +178 ~37: /app/test/features/recurring_transactions/domain/usecases/generate_transactions_on_launch_test.dart: ... day for monthly rule without dayOfMonth when previous month is shorter        01:38 +179 ~37: /app/test/features/recurring_transactions/domain/usecases/generate_transactions_on_launch_test.dart: ... day for monthly rule without dayOfMonth when previous month is shorter        01:38 +179 ~37: /app/test/features/recurring_transactions/domain/usecases/generate_transactions_on_launch_test.dart: (tearDownAll)                                                                     01:39 +179 ~37: /app/test/features/recurring_transactions/domain/usecases/generate_transactions_on_launch_test.dart: (tearDownAll)                                                                     01:39 +179 ~37: loading /app/test/features/recurring_transactions/presentation/bloc/recurring_list_bloc_test.dart                                                                                      01:39 +179 ~37: /app/test/features/recurring_transactions/presentation/bloc/recurring_list_bloc_test.dart: (setUpAll)                                                                                  01:39 +179 ~37: /app/test/features/recurring_transactions/presentation/bloc/recurring_list_bloc_test.dart: RecurringListBloc initial state should be RecurringListInitial                              01:39 +180 ~37: /app/test/features/recurring_transactions/presentation/bloc/recurring_list_bloc_test.dart: RecurringListBloc initial state should be RecurringListInitial                              01:39 +180 ~37: /app/test/features/recurring_transactions/presentation/bloc/recurring_list_bloc_test.dart: ... emits [RecurringListLoading, RecurringListLoaded] when LoadRecurringRules is added.     01:39 +181 ~37: /app/test/features/recurring_transactions/presentation/bloc/recurring_list_bloc_test.dart: ... emits [RecurringListLoading, RecurringListLoaded] when LoadRecurringRules is added.     01:39 +181 ~37: /app/test/features/recurring_transactions/presentation/bloc/recurring_list_bloc_test.dart: RecurringListBloc emits [RecurringListError] when GetRecurringRules fails.                  01:39 +182 ~37: /app/test/features/recurring_transactions/presentation/bloc/recurring_list_bloc_test.dart: RecurringListBloc emits [RecurringListError] when GetRecurringRules fails.                  01:39 +182 ~37: /app/test/features/recurring_transactions/presentation/bloc/recurring_list_bloc_test.dart: RecurringListBloc calls PauseResumeRecurringRule and reloads list on success                01:39 +183 ~37: /app/test/features/recurring_transactions/presentation/bloc/recurring_list_bloc_test.dart: RecurringListBloc calls PauseResumeRecurringRule and reloads list on success                01:39 +183 ~37: /app/test/features/recurring_transactions/presentation/bloc/recurring_list_bloc_test.dart: RecurringListBloc calls DeleteRecurringRule and reloads list on success                     01:39 +184 ~37: /app/test/features/recurring_transactions/presentation/bloc/recurring_list_bloc_test.dart: RecurringListBloc calls DeleteRecurringRule and reloads list on success                     01:39 +184 ~37: /app/test/features/recurring_transactions/presentation/bloc/recurring_list_bloc_test.dart: RecurringListBloc resets and reloads when system reset DataChangedEvent is received         01:39 +185 ~37: /app/test/features/recurring_transactions/presentation/bloc/recurring_list_bloc_test.dart: RecurringListBloc resets and reloads when system reset DataChangedEvent is received         01:39 +185 ~37: /app/test/features/recurring_transactions/presentation/bloc/recurring_list_bloc_test.dart: (tearDownAll)                                                                               01:40 +185 ~37: /app/test/features/recurring_transactions/presentation/bloc/recurring_list_bloc_test.dart: (tearDownAll)                                                                               01:40 +185 ~37: loading /app/test/features/recurring_transactions/presentation/bloc/add_edit_recurring_rule_bloc_test.dart                                                                             01:40 +185 ~37: /app/test/features/recurring_transactions/presentation/bloc/add_edit_recurring_rule_bloc_test.dart: (setUpAll)                                                                         01:40 +185 ~37: /app/test/features/recurring_transactions/presentation/bloc/add_edit_recurring_rule_bloc_test.dart: initial state is correct                                                           01:40 +186 ~37: /app/test/features/recurring_transactions/presentation/bloc/add_edit_recurring_rule_bloc_test.dart: initial state is correct                                                           01:40 +186 ~37: /app/test/features/recurring_transactions/presentation/bloc/add_edit_recurring_rule_bloc_test.dart: AmountChanged parses locale-specific formats                                       01:40 +187 ~37: /app/test/features/recurring_transactions/presentation/bloc/add_edit_recurring_rule_bloc_test.dart: AmountChanged parses locale-specific formats                                       01:40 +187 ~37: /app/test/features/recurring_transactions/presentation/bloc/add_edit_recurring_rule_bloc_test.dart: InitializeForEdit sets startTime from rule startDate                               01:40 +188 ~37: /app/test/features/recurring_transactions/presentation/bloc/add_edit_recurring_rule_bloc_test.dart: InitializeForEdit sets startTime from rule startDate                               01:40 +188 ~37: /app/test/features/recurring_transactions/presentation/bloc/add_edit_recurring_rule_bloc_test.dart: FormSubmitted should call AddRecurringRule when creating a new rule                01:40 +188 ~37: /app/test/features/recurring_transactions/presentation/bloc/add_edit_recurring_rule_bloc_test.dart: FormSubmitted should call AddRecurringRule when creating a new rule
⚠️ WARNING 2026-01-28 10:33:21.377722 [caller info not available] Attempted to publish DataChangedEvent, but StreamController 'dataChangeController' is not registered.
01:40 +189 ~37: /app/test/features/recurring_transactions/presentation/bloc/add_edit_recurring_rule_bloc_test.dart: FormSubmitted should call AddRecurringRule when creating a new rule                01:40 +189 ~37: /app/test/features/recurring_transactions/presentation/bloc/add_edit_recurring_rule_bloc_test.dart: FormSubmitted should call UpdateRecurringRule when editing an existing rule        01:40 +189 ~37: /app/test/features/recurring_transactions/presentation/bloc/add_edit_recurring_rule_bloc_test.dart: FormSubmitted should call UpdateRecurringRule when editing an existing rule
⚠️ WARNING 2026-01-28 10:33:21.398244 [caller info not available] Attempted to publish DataChangedEvent, but StreamController 'dataChangeController' is not registered.
01:40 +190 ~37: /app/test/features/recurring_transactions/presentation/bloc/add_edit_recurring_rule_bloc_test.dart: FormSubmitted should call UpdateRecurringRule when editing an existing rule        01:40 +190 ~37: /app/test/features/recurring_transactions/presentation/bloc/add_edit_recurring_rule_bloc_test.dart: (tearDownAll)                                                                      01:40 +190 ~37: loading /app/test/localizations_test.dart                                                                                                                                              01:40 +190 ~37: /app/test/localizations_test.dart: AppLocalizations returns correct strings                                                                                                            01:40 +190 ~38: /app/test/localizations_test.dart: AppLocalizations returns correct strings                                                                                                            01:41 +190 ~38: /app/test/localizations_test.dart: AppLocalizations returns correct strings                                                                                                            01:41 +190 ~38: loading /app/test/router_redirect_test.dart                                                                                                                                            01:41 +190 ~38: /app/test/router_redirect_test.dart: redirects skipped setup to dashboard                                                                                                              01:41 +190 ~38: /app/test/router_redirect_test.dart: redirects skipped setup to dashboard
👻 INFO 2026-01-28 10:33:22.765854 [caller info not available] [RouterRedirect] To: /setup, IsInDemo: false, IsAuth: false, IsInit: true, SetupSkipped: true
👻 INFO 2026-01-28 10:33:22.769356 [caller info not available] [RouterRedirect] Setup skipped, redirecting from InitialSetup to Dashboard.
01:41 +191 ~38: /app/test/router_redirect_test.dart: redirects skipped setup to dashboard                                                                                                              01:42 +191 ~38: /app/test/router_redirect_test.dart: redirects skipped setup to dashboard                                                                                                              01:42 +191 ~38: loading /app/test/core/error/failure_extensions_test.dart                                                                                                                              01:42 +191 ~38: /app/test/core/error/failure_extensions_test.dart: FailureMessage extension includes context and database prefix for CacheFailure                                                      01:42 +192 ~38: /app/test/core/error/failure_extensions_test.dart: FailureMessage extension includes context and database prefix for CacheFailure                                                      01:42 +192 ~38: /app/test/core/error/failure_extensions_test.dart: FailureMessage extension returns validation message directly                                                                        01:42 +193 ~38: /app/test/core/error/failure_extensions_test.dart: FailureMessage extension returns validation message directly                                                                        01:42 +193 ~38: /app/test/core/error/failure_extensions_test.dart: FailureMessage extension returns unexpected message                                                                                 01:42 +194 ~38: /app/test/core/error/failure_extensions_test.dart: FailureMessage extension returns unexpected message                                                                                 01:42 +194 ~38: /app/test/core/error/failure_extensions_test.dart: FailureMessage extension returns unknown message when empty                                                                         01:42 +195 ~38: /app/test/core/error/failure_extensions_test.dart: FailureMessage extension returns unknown message when empty                                                                         01:42 +195 ~38: loading /app/test/core/utils/date_formatter_test.dart                                                                                                                                  01:42 +195 ~38: /app/test/core/utils/date_formatter_test.dart: DateFormatter (setUpAll)                                                                                                                01:42 +195 ~38: /app/test/core/utils/date_formatter_test.dart: DateFormatter formatDateTime should format the date and time correctly                                                                  01:43 +195 ~38: /app/test/core/utils/date_formatter_test.dart: DateFormatter formatDateTime should format the date and time correctly                                                                  01:43 +195 ~38 -1: /app/test/core/utils/date_formatter_test.dart: DateFormatter formatDateTime should format the date and time correctly [E]
  Expected: 'Jan 15, 2023, 2:30 PM'
    Actual: 'Jan 15, 2023 2:30 PM'
     Which: is different.
            Expected: ... n 15, 2023, 2:30 PM
              Actual: ... n 15, 2023 2:30 PM
                                    ^
             Differ at offset 12

  package:matcher                                     expect
  package:flutter_test/src/widget_tester.dart 473:18  expect
  test/core/utils/date_formatter_test.dart 14:7       main.<fn>.<fn>


To run this test again: /opt/flutter/bin/cache/dart-sdk/bin/dart test /app/test/core/utils/date_formatter_test.dart -p vm --plain-name 'DateFormatter formatDateTime should format the date and time correctly'
01:43 +195 ~38 -1: /app/test/core/utils/date_formatter_test.dart: DateFormatter formatDate should format the date correctly                                                                            01:43 +196 ~38 -1: /app/test/core/utils/date_formatter_test.dart: DateFormatter formatDate should format the date correctly                                                                            01:43 +196 ~38 -1: /app/test/core/utils/date_formatter_test.dart: DateFormatter formatDateTime should handle different locales                                                                         01:43 +197 ~38 -1: /app/test/core/utils/date_formatter_test.dart: DateFormatter formatDateTime should handle different locales                                                                         01:43 +197 ~38 -1: /app/test/core/utils/date_formatter_test.dart: DateFormatter (tearDownAll)                                                                                                          01:43 +197 ~38 -1: loading /app/test/core/utils/encryption_helper_test.dart                                                                                                                            01:43 +197 ~38 -1: /app/test/core/utils/encryption_helper_test.dart: encrypt and decrypt round trip                                                                                                    01:43 +198 ~38 -1: /app/test/core/utils/encryption_helper_test.dart: encrypt and decrypt round trip                                                                                                    01:43 +198 ~38 -1: /app/test/core/utils/encryption_helper_test.dart: decrypt with wrong password throws                                                                                                01:43 +199 ~38 -1: /app/test/core/utils/encryption_helper_test.dart: decrypt with wrong password throws                                                                                                01:44 +199 ~38 -1: /app/test/core/utils/encryption_helper_test.dart: decrypt with wrong password throws                                                                                                01:44 +199 ~38 -1: loading /app/test/core/utils/currency_parser_test.dart                                                                                                                              01:44 +199 ~38 -1: /app/test/core/utils/currency_parser_test.dart: parseCurrency parses US formatted numbers                                                                                           01:44 +200 ~38 -1: /app/test/core/utils/currency_parser_test.dart: parseCurrency parses US formatted numbers                                                                                           01:44 +200 ~38 -1: /app/test/core/utils/currency_parser_test.dart: parseCurrency parses German formatted numbers                                                                                       01:44 +201 ~38 -1: /app/test/core/utils/currency_parser_test.dart: parseCurrency parses German formatted numbers                                                                                       01:44 +201 ~38 -1: /app/test/core/utils/currency_parser_test.dart: parseCurrency parses numbers when locale is a country code                                                                          01:44 +202 ~38 -1: /app/test/core/utils/currency_parser_test.dart: parseCurrency parses numbers when locale is a country code                                                                          01:44 +202 ~38 -1: /app/test/core/utils/currency_parser_test.dart: parseCurrency returns NaN for invalid input                                                                                         01:44 +203 ~38 -1: /app/test/core/utils/currency_parser_test.dart: parseCurrency returns NaN for invalid input                                                                                         01:45 +203 ~38 -1: /app/test/core/utils/currency_parser_test.dart: parseCurrency returns NaN for invalid input                                                                                         01:45 +203 ~38 -1: loading /app/test/core/utils/app_dialogs_test.dart                                                                                                                                  01:45 +203 ~38 -1: /app/test/core/utils/app_dialogs_test.dart: showStrongConfirmation confirms only on exact phrase                                                                                    01:46 +203 ~38 -1: /app/test/core/utils/app_dialogs_test.dart: showStrongConfirmation confirms only on exact phrase                                                                                    01:46 +204 ~38 -1: /app/test/core/widgets/settings_list_tile_test.dart: SettingsListTile renders title, subtitle, and icons                                                                            01:46 +205 ~38 -1: /app/test/core/widgets/settings_list_tile_test.dart: SettingsListTile renders title, subtitle, and icons                                                                            01:46 +205 ~38 -1: /app/test/core/widgets/settings_list_tile_test.dart: SettingsListTile is tappable and calls onTap when enabled                                                                      01:47 +205 ~38 -1: /app/test/core/widgets/settings_list_tile_test.dart: SettingsListTile is tappable and calls onTap when enabled                                                                      01:47 +206 ~38 -1: /app/test/core/widgets/settings_list_tile_test.dart: SettingsListTile is tappable and calls onTap when enabled                                                                      01:47 +206 ~38 -1: /app/test/core/widgets/settings_list_tile_test.dart: SettingsListTile is not tappable when disabled                                                                                 01:47 +207 ~38 -1: /app/test/core/widgets/settings_list_tile_test.dart: SettingsListTile is not tappable when disabled                                                                                 01:47 +207 ~38 -1: /app/test/core/widgets/settings_list_tile_test.dart: SettingsListTile applies disabled styling when disabled                                                                        01:47 +208 ~38 -1: /app/test/core/widgets/settings_list_tile_test.dart: SettingsListTile applies disabled styling when disabled                                                                        01:47 +208 ~38 -1: loading /app/test/core/widgets/common_form_fields_test.dart                                                                                                                         01:47 +208 ~38 -1: /app/test/core/widgets/common_form_fields_test.dart: CommonFormFields buildNameField validator shows error for empty value                                                          01:48 +208 ~38 -1: /app/test/core/widgets/common_form_fields_test.dart: CommonFormFields buildNameField validator shows error for empty value                                                          01:49 +208 ~38 -1: /app/test/core/widgets/common_form_fields_test.dart: CommonFormFields buildNameField validator shows error for empty value                                                          01:49 +209 ~38 -1: /app/test/core/widgets/placeholder_screen_test.dart: PlaceholderScreen renders feature name and placeholder texts                                                                   01:49 +210 ~38 -1: /app/test/core/widgets/placeholder_screen_test.dart: PlaceholderScreen renders feature name and placeholder texts                                                                   01:49 +211 ~38 -1: /app/test/core/widgets/placeholder_screen_test.dart: PlaceholderScreen renders feature name and placeholder texts                                                                   01:49 +212 ~38 -1: /app/test/core/widgets/common_form_fields_test.dart: CommonFormFields buildDatePickerTile shows formatted date and clear button when date is selected                               01:49 +213 ~38 -1: /app/test/core/widgets/common_form_fields_test.dart: CommonFormFields buildDatePickerTile shows formatted date and clear button when date is selected                               01:49 +214 ~38 -1: /app/test/core/widgets/placeholder_screen_test.dart: PlaceholderScreen shows back button and pops when it can pop                                                                   01:49 +215 ~38 -1: /app/test/core/widgets/placeholder_screen_test.dart: PlaceholderScreen shows back button and pops when it can pop                                                                   01:49 +216 ~38 -1: /app/test/core/widgets/placeholder_screen_test.dart: PlaceholderScreen shows back button and pops when it can pop                                                                   01:49 +217 ~38 -1: /app/test/core/widgets/placeholder_screen_test.dart: PlaceholderScreen shows back button and pops when it can pop                                                                   01:50 +217 ~38 -1: /app/test/core/widgets/placeholder_screen_test.dart: PlaceholderScreen shows back button and pops when it can pop                                                                   01:50 +218 ~38 -1: /app/test/core/widgets/placeholder_screen_test.dart: PlaceholderScreen shows back button and pops when it can pop                                                                   01:51 +218 ~38 -1: /app/test/core/widgets/placeholder_screen_test.dart: PlaceholderScreen shows back button and pops when it can pop                                                                   01:51 +218 ~38 -1: loading /app/test/core/widgets/demo_indicator_widget_test.dart                                                                                                                      01:51 +218 ~38 -1: /app/test/core/widgets/demo_indicator_widget_test.dart: DemoIndicatorWidget is visible when isInDemoMode is true                                                                    01:52 +218 ~38 -1: /app/test/core/widgets/demo_indicator_widget_test.dart: DemoIndicatorWidget is visible when isInDemoMode is true                                                                    01:52 +219 ~38 -1: /app/test/core/widgets/app_text_form_field_test.dart: AppTextFormField renders label and initial value                                                                              01:52 +220 ~38 -1: /app/test/core/widgets/app_text_form_field_test.dart: AppTextFormField renders label and initial value                                                                              01:52 +220 ~38 -1: /app/test/core/widgets/demo_indicator_widget_test.dart: DemoIndicatorWidget tapping "Exit Demo" shows dialog and adds event on confirmation
👻 INFO 2026-01-28 10:33:33.813832 [caller info not available] [DemoIndicator] Exit Demo button tapped.
01:52 +221 ~38 -1: /app/test/core/widgets/app_text_form_field_test.dart: AppTextFormField renders label and initial value                                                                              01:53 +221 ~38 -1: /app/test/core/widgets/app_text_form_field_test.dart: AppTextFormField renders label and initial value                                                                              01:53 +222 ~38 -1: /app/test/core/widgets/app_text_form_field_test.dart: AppTextFormField renders label and initial value                                                                              01:53 +222 ~38 -1: /app/test/core/widgets/app_text_form_field_test.dart: AppTextFormField calls onChanged when text is entered                                                                         01:53 +223 ~38 -1: /app/test/core/widgets/app_text_form_field_test.dart: AppTextFormField calls onChanged when text is entered                                                                         01:53 +223 ~38 -1: /app/test/core/widgets/app_text_form_field_test.dart: AppTextFormField shows clear button when text is present and not readOnly                                                     01:53 +224 ~38 -1: /app/test/core/widgets/app_text_form_field_test.dart: AppTextFormField shows clear button when text is present and not readOnly                                                     01:53 +224 ~38 -1: /app/test/core/widgets/app_text_form_field_test.dart: AppTextFormField hides clear button when text is empty                                                                        01:53 +225 ~38 -1: /app/test/core/widgets/app_text_form_field_test.dart: AppTextFormField hides clear button when text is empty                                                                        01:53 +225 ~38 -1: /app/test/core/widgets/app_text_form_field_test.dart: AppTextFormField hides clear button when readOnly is true                                                                     01:53 +226 ~38 -1: /app/test/core/widgets/app_text_form_field_test.dart: AppTextFormField hides clear button when readOnly is true                                                                     01:53 +226 ~38 -1: /app/test/core/widgets/app_text_form_field_test.dart: AppTextFormField clear button clears the text in the controller                                                               01:53 +227 ~38 -1: /app/test/core/widgets/app_text_form_field_test.dart: AppTextFormField clear button clears the text in the controller                                                               01:53 +227 ~38 -1: /app/test/core/widgets/app_text_form_field_test.dart: AppTextFormField displays validation error when validator fails                                                               01:53 +228 ~38 -1: /app/test/core/widgets/app_text_form_field_test.dart: AppTextFormField displays validation error when validator fails                                                               01:53 +228 ~38 -1: /app/test/core/widgets/app_text_form_field_test.dart: AppTextFormField obeys obscureText property                                                                                   01:53 +229 ~38 -1: /app/test/core/widgets/app_text_form_field_test.dart: AppTextFormField obeys obscureText property                                                                                   01:54 +229 ~38 -1: /app/test/core/widgets/app_text_form_field_test.dart: AppTextFormField obeys obscureText property                                                                                   01:54 +229 ~38 -1: loading /app/test/core/widgets/category_selector_tile_test.dart                                                                                                                     01:54 +229 ~38 -1: /app/test/core/widgets/category_selector_tile_test.dart: CategorySelectorTile renders hint text and uncategorized icon when no category is selected                                 01:55 +229 ~38 -1: /app/test/core/widgets/category_selector_tile_test.dart: CategorySelectorTile renders hint text and uncategorized icon when no category is selected                                 01:55 +230 ~38 -1: /app/test/core/widgets/app_dropdown_form_field_test.dart: AppDropdownFormField renders initial value and label text                                                                 01:55 +231 ~38 -1: /app/test/core/widgets/app_dropdown_form_field_test.dart: AppDropdownFormField renders initial value and label text                                                                 01:55 +232 ~38 -1: /app/test/core/widgets/app_dropdown_form_field_test.dart: AppDropdownFormField renders initial value and label text                                                                 01:55 +233 ~38 -1: /app/test/core/widgets/app_dropdown_form_field_test.dart: AppDropdownFormField renders initial value and label text                                                                 01:56 +233 ~38 -1: /app/test/core/widgets/app_dropdown_form_field_test.dart: AppDropdownFormField renders initial value and label text                                                                 01:56 +234 ~38 -1: /app/test/core/widgets/app_dropdown_form_field_test.dart: AppDropdownFormField renders initial value and label text                                                                 01:56 +234 ~38 -1: /app/test/core/widgets/app_dropdown_form_field_test.dart: AppDropdownFormField opens dropdown and shows items on tap                                                                01:57 +234 ~38 -1: /app/test/core/widgets/app_dropdown_form_field_test.dart: AppDropdownFormField opens dropdown and shows items on tap                                                                01:57 +235 ~38 -1: /app/test/core/widgets/app_dropdown_form_field_test.dart: AppDropdownFormField opens dropdown and shows items on tap                                                                01:57 +235 ~38 -1: /app/test/core/widgets/app_dropdown_form_field_test.dart: AppDropdownFormField calls onChanged with correct value when item is selected                                             01:57 +236 ~38 -1: /app/test/core/widgets/app_card_test.dart: AppCard renders child widget correctly                                                                                                   01:57 +237 ~38 -1: /app/test/core/widgets/app_card_test.dart: AppCard renders child widget correctly                                                                                                   01:57 +238 ~38 -1: /app/test/core/widgets/app_card_test.dart: AppCard renders child widget correctly                                                                                                   01:58 +238 ~38 -1: /app/test/core/widgets/app_card_test.dart: AppCard renders child widget correctly                                                                                                   01:58 +239 ~38 -1: /app/test/core/widgets/app_card_test.dart: AppCard renders child widget correctly                                                                                                   01:58 +239 ~38 -1: /app/test/core/widgets/app_card_test.dart: AppCard is tappable and calls onTap when provided                                                                                        01:58 +240 ~38 -1: /app/test/core/widgets/app_card_test.dart: AppCard is tappable and calls onTap when provided                                                                                        01:58 +240 ~38 -1: /app/test/core/widgets/app_card_test.dart: AppCard is not tappable when onTap is null                                                                                               01:58 +241 ~38 -1: /app/test/core/widgets/app_card_test.dart: AppCard is not tappable when onTap is null                                                                                               01:58 +241 ~38 -1: /app/test/core/widgets/app_card_test.dart: AppCard applies custom color and elevation properties                                                                                    01:58 +242 ~38 -1: /app/test/core/widgets/app_card_test.dart: AppCard applies custom color and elevation properties                                                                                    01:58 +242 ~38 -1: /app/test/core/widgets/app_card_test.dart: AppCard renders correctly in elemental UI mode                                                                                           01:58 +243 ~38 -1: /app/test/core/widgets/app_card_test.dart: AppCard renders correctly in elemental UI mode                                                                                           01:58 +243 ~38 -1: /app/test/core/widgets/app_card_test.dart: AppCard renders correctly in quantum UI mode                                                                                             01:58 +244 ~38 -1: /app/test/core/widgets/app_card_test.dart: AppCard renders correctly in quantum UI mode                                                                                             01:58 +244 ~38 -1: /app/test/core/widgets/app_card_test.dart: AppCard renders correctly in aether UI mode                                                                                              01:58 +245 ~38 -1: /app/test/core/widgets/app_card_test.dart: AppCard renders correctly in aether UI mode                                                                                              01:58 +245 ~38 -1: loading /app/test/core/widgets/category_selector_multi_tile_test.dart                                                                                                               01:58 +245 ~38 -1: /app/test/core/widgets/category_selector_multi_tile_test.dart: CategorySelectorMultiTile renders hint text when no categories are selected                                          01:59 +245 ~38 -1: /app/test/core/widgets/category_selector_multi_tile_test.dart: CategorySelectorMultiTile renders hint text when no categories are selected                                          02:00 +245 ~38 -1: /app/test/core/widgets/category_selector_multi_tile_test.dart: CategorySelectorMultiTile renders hint text when no categories are selected                                          02:00 +246 ~38 -1: /app/test/core/widgets/category_selector_multi_tile_test.dart: CategorySelectorMultiTile renders hint text when no categories are selected                                          02:00 +246 ~38 -1: /app/test/core/widgets/category_selector_multi_tile_test.dart: CategorySelectorMultiTile renders count and icons when 1 category is selected                                        02:00 +247 ~38 -1: /app/test/core/widgets/category_selector_multi_tile_test.dart: CategorySelectorMultiTile renders count and icons when 1 category is selected                                        02:00 +248 ~38 -1: /app/test/core/widgets/category_selector_multi_tile_test.dart: CategorySelectorMultiTile renders count and icons when 1 category is selected                                        02:00 +249 ~38 -1: /app/test/core/widgets/category_selector_multi_tile_test.dart: CategorySelectorMultiTile renders count and icons when 1 category is selected                                        02:00 +249 ~38 -1: /app/test/core/widgets/category_selector_multi_tile_test.dart: CategorySelectorMultiTile displays more indicator when more than 3 categories are selected                           02:00 +250 ~38 -1: /app/test/core/widgets/category_selector_multi_tile_test.dart: CategorySelectorMultiTile displays more indicator when more than 3 categories are selected                           02:00 +250 ~38 -1: /app/test/core/widgets/category_selector_multi_tile_test.dart: CategorySelectorMultiTile calls onTap when the tile is tapped                                                        02:00 +251 ~38 -1: /app/test/core/widgets/category_selector_multi_tile_test.dart: CategorySelectorMultiTile calls onTap when the tile is tapped                                                        02:00 +251 ~38 -1: /app/test/core/widgets/category_selector_multi_tile_test.dart: CategorySelectorMultiTile displays error text and styling when errorText is provided                                 02:00 +252 ~38 -1: /app/test/core/widgets/category_selector_multi_tile_test.dart: CategorySelectorMultiTile displays error text and styling when errorText is provided                                 02:01 +252 ~38 -1: /app/test/core/widgets/category_selector_multi_tile_test.dart: CategorySelectorMultiTile displays error text and styling when errorText is provided                                 02:01 +252 ~38 -1: loading /app/test/core/widgets/section_header_test.dart                                                                                                                             02:01 +252 ~38 -1: /app/test/core/widgets/section_header_test.dart: SectionHeader renders title in uppercase                                                                                           02:01 +253 ~38 -1: /app/test/core/widgets/section_header_test.dart: SectionHeader renders title in uppercase                                                                                           02:02 +253 ~38 -1: /app/test/core/widgets/section_header_test.dart: SectionHeader renders title in uppercase                                                                                           02:02 +254 ~38 -1: /app/test/core/widgets/section_header_test.dart: SectionHeader renders title in uppercase                                                                                           02:02 +254 ~38 -1: /app/test/core/widgets/section_header_test.dart: SectionHeader applies correct styling from theme                                                                                   02:02 +255 ~38 -1: /app/test/core/widgets/section_header_test.dart: SectionHeader applies correct styling from theme                                                                                   02:02 +255 ~38 -1: /app/test/core/widgets/section_header_test.dart: SectionHeader applies custom padding                                                                                               02:02 +256 ~38 -1: /app/test/core/widgets/section_header_test.dart: SectionHeader applies custom padding                                                                                               02:03 +256 ~38 -1: /app/test/core/widgets/section_header_test.dart: SectionHeader applies custom padding                                                                                               02:03 +256 ~38 -1: loading /app/test/recurring_transactions/weekday_names_test.dart                                                                                                                    02:03 +256 ~38 -1: /app/test/recurring_transactions/weekday_names_test.dart: (setUpAll)                                                                                                                02:03 +256 ~38 -1: /app/test/recurring_transactions/weekday_names_test.dart: weekdayNamesMonFirst returns Monday first for English                                                                     02:03 +257 ~38 -1: /app/test/recurring_transactions/weekday_names_test.dart: weekdayNamesMonFirst returns Monday first for English                                                                     02:03 +257 ~38 -1: /app/test/recurring_transactions/weekday_names_test.dart: weekdayNamesMonFirst localizes Arabic names                                                                               02:03 +258 ~38 -1: /app/test/recurring_transactions/weekday_names_test.dart: weekdayNamesMonFirst localizes Arabic names                                                                               02:03 +258 ~38 -1: /app/test/recurring_transactions/weekday_names_test.dart: (tearDownAll)                                                                                                             02:03 +258 ~38 -1: Some tests failed.
